Archive member included to satisfy reference by file (symbol)

/opt/gcc-arm-none-eabi/bin/../lib/gcc/arm-none-eabi/5.2.1/../../../../arm-none-eabi/lib/armv7e-m/fpu/libg.a(lib_a-errno.o)
                              /root/beagle-punch/controller/punch-eval/build/syscalls.o (__errno)
/opt/gcc-arm-none-eabi/bin/../lib/gcc/arm-none-eabi/5.2.1/../../../../arm-none-eabi/lib/armv7e-m/fpu/libg.a(lib_a-exit.o)
                              /opt/gcc-arm-none-eabi/bin/../lib/gcc/arm-none-eabi/5.2.1/../../../../arm-none-eabi/lib/armv7e-m/fpu/crt0.o (exit)
/opt/gcc-arm-none-eabi/bin/../lib/gcc/arm-none-eabi/5.2.1/../../../../arm-none-eabi/lib/armv7e-m/fpu/libg.a(lib_a-impure.o)
                              /opt/gcc-arm-none-eabi/bin/../lib/gcc/arm-none-eabi/5.2.1/../../../../arm-none-eabi/lib/armv7e-m/fpu/libg.a(lib_a-exit.o) (_global_impure_ptr)
/opt/gcc-arm-none-eabi/bin/../lib/gcc/arm-none-eabi/5.2.1/../../../../arm-none-eabi/lib/armv7e-m/fpu/libg.a(lib_a-init.o)
                              /opt/gcc-arm-none-eabi/bin/../lib/gcc/arm-none-eabi/5.2.1/../../../../arm-none-eabi/lib/armv7e-m/fpu/crt0.o (__libc_init_array)
/opt/gcc-arm-none-eabi/bin/../lib/gcc/arm-none-eabi/5.2.1/../../../../arm-none-eabi/lib/armv7e-m/fpu/libg.a(lib_a-memcmp.o)
                              /root/beagle-punch/controller/punch-eval/build/tasks.o (memcmp)
/opt/gcc-arm-none-eabi/bin/../lib/gcc/arm-none-eabi/5.2.1/../../../../arm-none-eabi/lib/armv7e-m/fpu/libg.a(lib_a-memcpy.o)
                              /root/beagle-punch/controller/punch-eval/build/queue.o (memcpy)
/opt/gcc-arm-none-eabi/bin/../lib/gcc/arm-none-eabi/5.2.1/../../../../arm-none-eabi/lib/armv7e-m/fpu/libg.a(lib_a-memset.o)
                              /opt/gcc-arm-none-eabi/bin/../lib/gcc/arm-none-eabi/5.2.1/../../../../arm-none-eabi/lib/armv7e-m/fpu/crt0.o (memset)
/opt/gcc-arm-none-eabi/bin/../lib/gcc/arm-none-eabi/5.2.1/../../../../arm-none-eabi/lib/armv7e-m/fpu/libg.a(lib_a-printf.o)
                              /root/beagle-punch/controller/punch-eval/build/main.o (printf)
/opt/gcc-arm-none-eabi/bin/../lib/gcc/arm-none-eabi/5.2.1/../../../../arm-none-eabi/lib/armv7e-m/fpu/libg.a(lib_a-puts.o)
                              /root/beagle-punch/controller/punch-eval/build/main.o (puts)
/opt/gcc-arm-none-eabi/bin/../lib/gcc/arm-none-eabi/5.2.1/../../../../arm-none-eabi/lib/armv7e-m/fpu/libg.a(lib_a-strlen.o)
                              /opt/gcc-arm-none-eabi/bin/../lib/gcc/arm-none-eabi/5.2.1/../../../../arm-none-eabi/lib/armv7e-m/fpu/libg.a(lib_a-puts.o) (strlen)
/opt/gcc-arm-none-eabi/bin/../lib/gcc/arm-none-eabi/5.2.1/../../../../arm-none-eabi/lib/armv7e-m/fpu/libg.a(lib_a-vfprintf.o)
                              /opt/gcc-arm-none-eabi/bin/../lib/gcc/arm-none-eabi/5.2.1/../../../../arm-none-eabi/lib/armv7e-m/fpu/libg.a(lib_a-printf.o) (_vfprintf_r)
/opt/gcc-arm-none-eabi/bin/../lib/gcc/arm-none-eabi/5.2.1/../../../../arm-none-eabi/lib/armv7e-m/fpu/libg.a(lib_a-wsetup.o)
                              /opt/gcc-arm-none-eabi/bin/../lib/gcc/arm-none-eabi/5.2.1/../../../../arm-none-eabi/lib/armv7e-m/fpu/libg.a(lib_a-vfprintf.o) (__swsetup_r)
/opt/gcc-arm-none-eabi/bin/../lib/gcc/arm-none-eabi/5.2.1/../../../../arm-none-eabi/lib/armv7e-m/fpu/libg.a(lib_a-__call_atexit.o)
                              /opt/gcc-arm-none-eabi/bin/../lib/gcc/arm-none-eabi/5.2.1/../../../../arm-none-eabi/lib/armv7e-m/fpu/libg.a(lib_a-exit.o) (__call_exitprocs)
/opt/gcc-arm-none-eabi/bin/../lib/gcc/arm-none-eabi/5.2.1/../../../../arm-none-eabi/lib/armv7e-m/fpu/libg.a(lib_a-atexit.o)
                              /opt/gcc-arm-none-eabi/bin/../lib/gcc/arm-none-eabi/5.2.1/../../../../arm-none-eabi/lib/armv7e-m/fpu/libg.a(lib_a-__call_atexit.o) (atexit)
/opt/gcc-arm-none-eabi/bin/../lib/gcc/arm-none-eabi/5.2.1/../../../../arm-none-eabi/lib/armv7e-m/fpu/libg.a(lib_a-dtoa.o)
                              /opt/gcc-arm-none-eabi/bin/../lib/gcc/arm-none-eabi/5.2.1/../../../../arm-none-eabi/lib/armv7e-m/fpu/libg.a(lib_a-vfprintf.o) (_dtoa_r)
/opt/gcc-arm-none-eabi/bin/../lib/gcc/arm-none-eabi/5.2.1/../../../../arm-none-eabi/lib/armv7e-m/fpu/libg.a(lib_a-fflush.o)
                              /opt/gcc-arm-none-eabi/bin/../lib/gcc/arm-none-eabi/5.2.1/../../../../arm-none-eabi/lib/armv7e-m/fpu/libg.a(lib_a-vfprintf.o) (_fflush_r)
/opt/gcc-arm-none-eabi/bin/../lib/gcc/arm-none-eabi/5.2.1/../../../../arm-none-eabi/lib/armv7e-m/fpu/libg.a(lib_a-findfp.o)
                              /opt/gcc-arm-none-eabi/bin/../lib/gcc/arm-none-eabi/5.2.1/../../../../arm-none-eabi/lib/armv7e-m/fpu/libg.a(lib_a-puts.o) (__sinit)
/opt/gcc-arm-none-eabi/bin/../lib/gcc/arm-none-eabi/5.2.1/../../../../arm-none-eabi/lib/armv7e-m/fpu/libg.a(lib_a-fini.o)
                              /opt/gcc-arm-none-eabi/bin/../lib/gcc/arm-none-eabi/5.2.1/../../../../arm-none-eabi/lib/armv7e-m/fpu/libg.a(lib_a-__call_atexit.o) (__libc_fini_array)
[...]
Memory Configuration

Name             Origin             Length             Attributes
FLASH            0x08000000         0x00100000         xr
RAM              0x20000000         0x00030000         xrw
MEMORY_B1        0x60000000         0x00000000         xr
*default*        0x00000000         0xffffffff

Linker script and memory map

LOAD /opt/gcc-arm-none-eabi/bin/../lib/gcc/arm-none-eabi/5.2.1/armv7e-m/fpu/crti.o
LOAD /opt/gcc-arm-none-eabi/bin/../lib/gcc/arm-none-eabi/5.2.1/armv7e-m/fpu/crtbegin.o
LOAD /opt/gcc-arm-none-eabi/bin/../lib/gcc/arm-none-eabi/5.2.1/../../../../arm-none-eabi/lib/armv7e-m/fpu/crt0.o
LOAD /root/beagle-punch/controller/punch-eval/build/startup_stm32f4xx.o
LOAD /root/beagle-punch/controller/punch-eval/build/stm32f4xx_it.o
LOAD /root/beagle-punch/controller/punch-eval/build/system_stm32f4xx.o
LOAD /root/beagle-punch/controller/punch-eval/build/syscalls.o
LOAD /root/beagle-punch/controller/punch-eval/build/main.o
LOAD /root/beagle-punch/controller/punch-eval/build/hooks.o
LOAD /root/beagle-punch/controller/punch-eval/build/Button.o
LOAD /root/beagle-punch/controller/punch-eval/build/LED.o
LOAD /root/beagle-punch/controller/punch-eval/build/SPI.o
LOAD /root/beagle-punch/controller/punch-eval/build/UART.o
LOAD /root/beagle-punch/controller/punch-eval/build/port.o
LOAD /root/beagle-punch/controller/punch-eval/build/list.o
LOAD /root/beagle-punch/controller/punch-eval/build/queue.o
LOAD /root/beagle-punch/controller/punch-eval/build/tasks.o
LOAD /root/beagle-punch/controller/punch-eval/build/event_groups.o
LOAD /root/beagle-punch/controller/punch-eval/build/timers.o
LOAD /root/beagle-punch/controller/punch-eval/build/heap_4.o
LOAD /root/beagle-punch/controller/punch-eval/build/stm32f4xx_syscfg.o
LOAD /root/beagle-punch/controller/punch-eval/build/misc.o
LOAD /root/beagle-punch/controller/punch-eval/build/stm32f4xx_adc.o
LOAD /root/beagle-punch/controller/punch-eval/build/stm32f4xx_dac.o
LOAD /root/beagle-punch/controller/punch-eval/build/stm32f4xx_dma.o
LOAD /root/beagle-punch/controller/punch-eval/build/stm32f4xx_exti.o
LOAD /root/beagle-punch/controller/punch-eval/build/stm32f4xx_flash.o
LOAD /root/beagle-punch/controller/punch-eval/build/stm32f4xx_gpio.o
LOAD /root/beagle-punch/controller/punch-eval/build/stm32f4xx_i2c.o
LOAD /root/beagle-punch/controller/punch-eval/build/stm32f4xx_rcc.o
LOAD /root/beagle-punch/controller/punch-eval/build/stm32f4xx_spi.o
LOAD /root/beagle-punch/controller/punch-eval/build/stm32f4xx_tim.o
LOAD /root/beagle-punch/controller/punch-eval/build/stm32f4xx_usart.o
LOAD /root/beagle-punch/controller/punch-eval/build/stm32f4xx_rng.o
LOAD /opt/gcc-arm-none-eabi/bin/../lib/gcc/arm-none-eabi/5.2.1/../../../../arm-none-eabi/lib/armv7e-m/fpu/libstdc++.a
LOAD /opt/gcc-arm-none-eabi/bin/../lib/gcc/arm-none-eabi/5.2.1/../../../../arm-none-eabi/lib/armv7e-m/fpu/libm.a
START GROUP
LOAD /opt/gcc-arm-none-eabi/bin/../lib/gcc/arm-none-eabi/5.2.1/armv7e-m/fpu/libgcc.a
LOAD /opt/gcc-arm-none-eabi/bin/../lib/gcc/arm-none-eabi/5.2.1/../../../../arm-none-eabi/lib/armv7e-m/fpu/libg.a
LOAD /opt/gcc-arm-none-eabi/bin/../lib/gcc/arm-none-eabi/5.2.1/../../../../arm-none-eabi/lib/armv7e-m/fpu/libc.a
END GROUP
LOAD /opt/gcc-arm-none-eabi/bin/../lib/gcc/arm-none-eabi/5.2.1/armv7e-m/fpu/crtend.o
LOAD /opt/gcc-arm-none-eabi/bin/../lib/gcc/arm-none-eabi/5.2.1/armv7e-m/fpu/crtn.o
                0x20020000                _estack = 0x20020000
                0x00000000                _Min_Heap_Size = 0x0
                0x00000400                _Min_Stack_Size = 0x400

.isr_vector     0x08000000      0x188
                0x08000000                . = ALIGN (0x4)
 *(.isr_vector)
 .isr_vector    0x08000000      0x188 /root/beagle-punch/controller/punch-eval/build/startup_stm32f4xx.o
                0x08000000                g_pfnVectors
                0x08000188                . = ALIGN (0x4)

.text           0x080001c0    0x13844
                0x080001c0                . = ALIGN (0x4)
 *(.text)
 .text          0x080001c0        0x0 /opt/gcc-arm-none-eabi/bin/../lib/gcc/arm-none-eabi/5.2.1/armv7e-m/fpu/crti.o
 .text          0x080001c0       0xa4 /opt/gcc-arm-none-eabi/bin/../lib/gcc/arm-none-eabi/5.2.1/armv7e-m/fpu/crtbegin.o
 .text          0x08000264       0x74 /opt/gcc-arm-none-eabi/bin/../lib/gcc/arm-none-eabi/5.2.1/../../../../arm-none-eabi/lib/armv7e-m/fpu/crt0.o
                0x08000264                _mainCRTStartup
                0x08000264                _start
 .text          0x080002d8       0x14 /root/beagle-punch/controller/punch-eval/build/startup_stm32f4xx.o
 .text          0x080002ec       0x90 /root/beagle-punch/controller/punch-eval/build/stm32f4xx_it.o
                0x080002ec                NMI_Handler
                0x080002fc                prvGetRegistersFromStack
                0x08000354                MemManage_Handler
                0x0800035c                BusFault_Handler
                0x08000364                UsageFault_Handler
                0x0800036c                DebugMon_Handler
 .text          0x0800037c      0x290 /root/beagle-punch/controller/punch-eval/build/system_stm32f4xx.o
                0x0800037c                SystemInit
                0x080003e8                SystemCoreClockUpdate
 .text          0x0800060c      0x200 /root/beagle-punch/controller/punch-eval/build/syscalls.o
                0x08000668                _open
                0x08000684                _read
                0x080006a8                _lseek
                0x080006c4                _write
                0x0800072c                _close
                0x08000744                _sbrk
                0x0800079c                _fstat
                0x080007c4                _isatty
                0x080007dc                _kill
                0x080007fc                _getpid
 .text          0x0800080c      0x270 /root/beagle-punch/controller/punch-eval/build/main.o
                0x0800080c                blinkTask(void*)
                0x0800083c                handleInfoButtonInterrupt(void*)
                0x08000890                main
 .text          0x08000a7c       0x94 /root/beagle-punch/controller/punch-eval/build/hooks.o
                0x08000a7c                USART2_IRQHandler
                0x08000a90                EXTI0_IRQHandler
                0x08000aa4                SPI2_IRQHandler
                0x08000ab8                vApplicationTickHook
                0x08000ac4                vApplicationMallocFailedHook
                0x08000ae0                vApplicationIdleHook
                0x08000af0                vApplicationStackOverflowHook
 .text          0x08000b10      0x178 /root/beagle-punch/controller/punch-eval/build/Button.o
                0x08000b10                Button::Button(Button::Properties&)
                0x08000b10                Button::Button(Button::Properties&)
                0x08000b38                Button::~Button()
                0x08000b38                Button::~Button()
                0x08000b50                Button::setPriority(unsigned char, unsigned char)
                0x08000b78                Button::init()
                0x08000c0c                Button::isPressed()
                0x08000c3c                Button::setPressedListener(void (*)(void*), void*)
                0x08000c60                Button::pressedInterruptHandler()
 .text          0x08000c88      0x1d8 /root/beagle-punch/controller/punch-eval/build/LED.o
                0x08000c88                LED::LED(LED::Properties&)
                0x08000c88                LED::LED(LED::Properties&)
                0x08000cac                LED::~LED()
                0x08000cac                LED::~LED()
                0x08000cc4                LED::init()
                0x08000d08                LED::on()
                0x08000d28                LED::off()
                0x08000d48                PulseLED::tickInterruptHandler()
                0x08000d84                PulseLED::PulseLED(LED&, int)
                0x08000d84                PulseLED::PulseLED(LED&, int)
                0x08000db4                PulseLED::~PulseLED()
                0x08000db4                PulseLED::~PulseLED()
                0x08000dcc                PulseLED::init()
                0x08000dfc                PulseLED::pulse()
                0x08000e1c                PulseLED::tick()
 .text          0x08000e60      0x1dc /root/beagle-punch/controller/punch-eval/build/SPI.o
                0x08000e60                SPI::SPI(SPI::Properties&)
                0x08000e60                SPI::SPI(SPI::Properties&)
                0x08000e90                SPI::~SPI()
                0x08000e90                SPI::~SPI()
                0x08000ea8                SPI::setPriority(unsigned char, unsigned char)
                0x08000ed4                SPI::init()
 .text          0x0800103c      0x2c8 /root/beagle-punch/controller/punch-eval/build/UART.o
                0x0800103c                UART::clearBreakOrError()
                0x08001064                UART::enableSendEvents()
                0x0800108c                UART::disableSendEvents()
                0x080010b4                UART::setSendListener(void (*)(void*), void*)
                0x080010d8                UART::enableRecvEvents()
                0x08001100                UART::disableRecvEvents()
                0x08001128                UART::setRecvListener(void (*)(void*), void*)
                0x0800114c                UART::txrxInterruptHandler()
                0x080011b0                UART::UART(UART::Properties&)
                0x080011b0                UART::UART(UART::Properties&)
                0x080011e0                UART::~UART()
                0x080011e0                UART::~UART()
                0x080011fc                UART::setPriority(unsigned char, unsigned char)
                0x08001224                UART::init()
 .text          0x08001304      0x408 /root/beagle-punch/controller/punch-eval/build/port.o
                0x08001304                pxPortInitialiseStack
                0x080013a4                SVC_Handler
                0x080013e4                xPortStartScheduler
                0x080014b4                vPortEndScheduler
                0x080014e8                vPortEnterCritical
                0x08001544                vPortExitCritical
                0x08001594                PendSV_Handler
                0x080015f8                SysTick_Handler
                0x08001640                vPortSetupTimerInterrupt
                0x08001688                vPortValidateInterruptPriority
 .text          0x0800170c      0x16c /root/beagle-punch/controller/punch-eval/build/list.o
                0x0800170c                vListInitialise
                0x0800174c                vListInitialiseItem
                0x08001768                vListInsertEnd
                0x080017b0                vListInsert
                0x08001824                uxListRemove
 .text          0x08001878      0xfe4 /root/beagle-punch/controller/punch-eval/build/queue.o
                0x08001878                xQueueGenericReset
                0x08001948                xQueueGenericCreate
                0x08001a00                xQueueCreateMutex
                0x08001aa0                xQueueGiveMutexRecursive
                0x08001b08                xQueueTakeMutexRecursive
                0x08001b78                xQueueCreateCountingSemaphore
                0x08001bf4                xQueueGenericSend
                0x08001ddc                xQueueGenericSendFromISR
                0x08001ef4                xQueueGiveFromISR
                0x08001fc8                xQueueGenericReceive
                0x080021d0                xQueueReceiveFromISR
                0x080022b8                xQueuePeekFromISR
                0x08002384                uxQueueMessagesWaiting
                0x080023c0                uxQueueSpacesAvailable
                0x08002404                uxQueueMessagesWaitingFromISR
                0x0800243c                vQueueDelete
                0x08002478                uxQueueGetQueueNumber
                0x08002490                vQueueSetQueueNumber
                0x080024ac                ucQueueGetQueueType
                0x080026b0                xQueueIsQueueEmptyFromISR
                0x08002724                xQueueIsQueueFullFromISR
                0x0800276c                vQueueAddToRegistry
                0x080027bc                vQueueUnregisterQueue
                0x08002804                vQueueWaitForMessageRestricted
 .text          0x0800285c     0x20c8 /root/beagle-punch/controller/punch-eval/build/tasks.o
                0x0800285c                xTaskGenericCreate
                0x080029fc                vTaskDelete
                0x08002b04                vTaskDelayUntil
                0x08002c24                vTaskDelay
                0x08002cc8                uxTaskPriorityGet
                0x08002cfc                uxTaskPriorityGetFromISR
                0x08002d54                vTaskPrioritySet
                0x08002eb0                vTaskSuspend
                0x08003034                vTaskResume
                0x080030ec                xTaskResumeFromISR
                0x080031cc                vTaskStartScheduler
                0x08003258                vTaskEndScheduler
                0x08003288                vTaskSuspendAll
                0x080032a4                xTaskResumeAll
                0x080033cc                xTaskGetTickCount
                0x080033ec                xTaskGetTickCountFromISR
                0x08003410                uxTaskGetNumberOfTasks
                0x08003428                uxTaskGetSystemState
                0x0800351c                xTaskIncrementTick
                0x080036a8                vTaskSwitchContext
                0x080037a8                vTaskPlaceOnEventList
                0x08003844                vTaskPlaceOnUnorderedEventList
                0x08003910                vTaskPlaceOnEventListRestricted
                0x08003990                xTaskRemoveFromEventList
                0x08003a54                xTaskRemoveFromUnorderedEventList
                0x08003b20                vTaskSetTimeOutState
                0x08003b68                xTaskCheckForTimeOut
                0x08003c24                vTaskMissedYield
                0x08003c3c                uxTaskGetTaskNumber
                0x08003c68                vTaskSetTaskNumber
                0x080040f8                xTaskGetCurrentTaskHandle
                0x08004118                xTaskGetSchedulerState
                0x08004154                vTaskPriorityInherit
                0x08004240                xTaskPriorityDisinherit
                0x08004324                uxTaskResetEventItemValue
                0x08004354                pvTaskIncrementMutexHeldCount
                0x0800437c                ulTaskNotifyTake
                0x08004464                xTaskNotifyWait
                0x08004570                xTaskNotify
                0x080046a0                xTaskNotifyFromISR
                0x08004810                vTaskNotifyGiveFromISR
 .text          0x08004924      0x5e4 /root/beagle-punch/controller/punch-eval/build/event_groups.o
                0x08004924                xEventGroupCreate
                0x08004954                xEventGroupSync
                0x08004aa8                xEventGroupWaitBits
                0x08004c38                xEventGroupClearBits
                0x08004ca4                xEventGroupGetBitsFromISR
                0x08004cec                xEventGroupSetBits
                0x08004e00                vEventGroupDelete
                0x08004e60                vEventGroupSetBitsCallback
                0x08004e7c                vEventGroupClearBitsCallback
                0x08004edc                uxEventGroupGetNumber
 .text          0x08004f08      0x668 /root/beagle-punch/controller/punch-eval/build/timers.o
                0x08004f08                xTimerCreateTimerTask
                0x08004f70                xTimerCreate
                0x08004fe8                xTimerGenericCommand
                0x08005068                pcTimerGetTimerName
                0x08005524                xTimerIsTimerActive
                0x08005554                pvTimerGetTimerID
 .text          0x08005570      0x3f4 /root/beagle-punch/controller/punch-eval/build/heap_4.o
                0x08005570                pvPortMalloc
                0x080056fc                vPortFree
                0x080057ac                xPortGetFreeHeapSize
                0x080057c4                xPortGetMinimumEverFreeHeapSize
                0x080057dc                vPortInitialiseBlocks
 .text          0x08005964      0x134 /root/beagle-punch/controller/punch-eval/build/stm32f4xx_syscfg.o
                0x08005964                SYSCFG_DeInit
                0x08005980                SYSCFG_MemoryRemapConfig
                0x080059a0                SYSCFG_EXTILineConfig
                0x08005a24                SYSCFG_ETH_MediaInterfaceConfig
                0x08005a44                SYSCFG_CompensationCellCmd
                0x08005a64                SYSCFG_GetCompensationCellStatus
 .text          0x08005a98      0x194 /root/beagle-punch/controller/punch-eval/build/misc.o
                0x08005a98                NVIC_PriorityGroupConfig
                0x08005ac0                NVIC_Init
                0x08005b84                NVIC_SetVectorTable
                0x08005bb0                NVIC_SystemLPConfig
                0x08005bf4                SysTick_CLKSourceConfig
 .text          0x08005c2c      0xaac /root/beagle-punch/controller/punch-eval/build/stm32f4xx_adc.o
                0x08005c2c                ADC_DeInit
                0x08005c48                ADC_Init
                0x08005cf4                ADC_StructInit
                0x08005d34                ADC_CommonInit
                0x08005d84                ADC_CommonStructInit
                0x08005db0                ADC_Cmd
                0x08005de8                ADC_AnalogWatchdogCmd
                0x08005e24                ADC_AnalogWatchdogThresholdsConfig
                0x08005e4c                ADC_AnalogWatchdogSingleChannelConfig
                0x08005e84                ADC_TempSensorVrefintCmd
                0x08005ec0                ADC_VBATCmd
                0x08005efc                ADC_RegularChannelConfig
                0x08006090                ADC_SoftwareStartConv
                0x080060b0                ADC_GetSoftwareStartConvStatus
                0x080060e0                ADC_EOCOnEachRegularChannelCmd
                0x08006118                ADC_ContinuousModeCmd
                0x08006150                ADC_DiscModeChannelCountConfig
                0x08006194                ADC_DiscModeCmd
                0x080061cc                ADC_GetConversionValue
                0x080061e8                ADC_GetMultiModeConversionValue
                0x08006200                ADC_DMACmd
                0x08006238                ADC_DMARequestAfterLastTransferCmd
                0x08006270                ADC_MultiModeDMARequestAfterLastTransferCmd
                0x080062ac                ADC_InjectedChannelConfig
                0x080063d0                ADC_InjectedSequencerLengthConfig
                0x08006414                ADC_SetInjectedOffset
                0x08006448                ADC_ExternalTrigInjectedConvConfig
                0x08006480                ADC_ExternalTrigInjectedConvEdgeConfig
                0x080064b8                ADC_SoftwareStartInjectedConv
                0x080064d8                ADC_GetSoftwareStartInjectedConvCmdStatus
                0x08006508                ADC_AutoInjectedConvCmd
                0x08006540                ADC_InjectedDiscModeCmd
                0x08006578                ADC_GetInjectedConversionValue
                0x080065a8                ADC_ITConfig
                0x080065fc                ADC_GetFlagStatus
                0x08006630                ADC_ClearFlag
                0x08006650                ADC_GetITStatus
                0x080066ac                ADC_ClearITPendingBit
 .text          0x080066d8      0x450 /root/beagle-punch/controller/punch-eval/build/stm32f4xx_dac.o
                0x080066d8                DAC_DeInit
                0x080066f4                DAC_Init
                0x0800675c                DAC_StructInit
                0x08006788                DAC_Cmd
                0x080067d4                DAC_SoftwareTriggerCmd
                0x08006824                DAC_DualSoftwareTriggerCmd
                0x08006860                DAC_WaveGenerationCmd
                0x080068ac                DAC_SetChannel1Data
                0x080068e4                DAC_SetChannel2Data
                0x0800691c                DAC_SetDualChannelData
                0x08006974                DAC_GetDataOutputValue
                0x080069a8                DAC_DMACmd
                0x080069f8                DAC_ITConfig
                0x08006a44                DAC_GetFlagStatus
                0x08006a80                DAC_ClearFlag
                0x08006aa8                DAC_GetITStatus
                0x08006b00                DAC_ClearITPendingBit
 .text          0x08006b28      0x728 /root/beagle-punch/controller/punch-eval/build/stm32f4xx_dma.o
                0x08006b28                DMA_DeInit
                0x08006cd0                DMA_Init
                0x08006d80                DMA_StructInit
                0x08006df0                DMA_Cmd
                0x08006e28                DMA_PeriphIncOffsetSizeConfig
                0x08006e60                DMA_FlowControllerConfig
                0x08006e98                DMA_SetCurrDataCounter
                0x08006eb8                DMA_GetCurrDataCounter
                0x08006ed4                DMA_DoubleBufferModeConfig
                0x08006f14                DMA_DoubleBufferModeCmd
                0x08006f4c                DMA_MemoryTargetConfig
                0x08006f78                DMA_GetCurrentMemoryTarget
                0x08006fa8                DMA_GetCmdStatus
                0x08006fd8                DMA_GetFIFOStatus
                0x08006ffc                DMA_GetFlagStatus
                0x08007074                DMA_ClearFlag
                0x080070d0                DMA_ITConfig
                0x08007144                DMA_GetITStatus
                0x080071f4                DMA_ClearITPendingBit
 .text          0x08007250      0x224 /root/beagle-punch/controller/punch-eval/build/stm32f4xx_exti.o
                0x08007250                EXTI_DeInit
                0x08007284                EXTI_Init
                0x08007368                EXTI_StructInit
                0x08007394                EXTI_GenerateSWInterrupt
                0x080073b8                EXTI_GetFlagStatus
                0x080073ec                EXTI_ClearFlag
                0x0800740c                EXTI_GetITStatus
                0x08007454                EXTI_ClearITPendingBit
 .text          0x08007474      0x7c8 /root/beagle-punch/controller/punch-eval/build/stm32f4xx_flash.o
                0x08007474                FLASH_SetLatency
                0x08007494                FLASH_PrefetchBufferCmd
                0x080074d0                FLASH_InstructionCacheCmd
                0x0800750c                FLASH_DataCacheCmd
                0x08007548                FLASH_InstructionCacheReset
                0x08007568                FLASH_DataCacheReset
                0x08007588                FLASH_Unlock
                0x080075b8                FLASH_Lock
                0x080075d8                FLASH_EraseSector
                0x08007698                FLASH_EraseAllSectors
                0x08007738                FLASH_ProgramDoubleWord
                0x080077a8                FLASH_ProgramWord
                0x08007810                FLASH_ProgramHalfWord
                0x0800787c                FLASH_ProgramByte
                0x080078e4                FLASH_OB_Unlock
                0x08007918                FLASH_OB_Lock
                0x08007938                FLASH_OB_WRPConfig
                0x08007998                FLASH_OB_RDPConfig
                0x080079c8                FLASH_OB_UserConfig
                0x08007a20                FLASH_OB_BORConfig
                0x08007a5c                FLASH_OB_Launch
                0x08007a8c                FLASH_OB_GetUser
                0x08007aa8                FLASH_OB_GetWRP
                0x08007ac0                FLASH_OB_GetRDP
                0x08007af0                FLASH_OB_GetBOR
                0x08007b10                FLASH_ITConfig
                0x08007b50                FLASH_GetFlagStatus
                0x08007b84                FLASH_ClearFlag
                0x08007ba4                FLASH_GetStatus
                0x08007c0c                FLASH_WaitForLastOperation
 .text          0x08007c3c      0x49c /root/beagle-punch/controller/punch-eval/build/stm32f4xx_gpio.o
                0x08007c3c                GPIO_DeInit
                0x08007d5c                GPIO_Init
                0x08007e78                GPIO_StructInit
                0x08007eac                GPIO_PinLockConfig
                0x08007ef0                GPIO_ReadInputDataBit
                0x08007f24                GPIO_ReadInputData
                0x08007f40                GPIO_ReadOutputDataBit
                0x08007f74                GPIO_ReadOutputData
                0x08007f90                GPIO_SetBits
                0x08007fb0                GPIO_ResetBits
                0x08007fd0                GPIO_WriteBit
                0x08008000                GPIO_Write
                0x08008020                GPIO_ToggleBits
                0x08008044                GPIO_PinAFConfig
 .text          0x080080d8      0x9a8 /root/beagle-punch/controller/punch-eval/build/stm32f4xx_i2c.o
                0x080080d8                I2C_DeInit
                0x0800814c                I2C_Init
                0x080082d0                I2C_StructInit
                0x08008310                I2C_Cmd
                0x08008350                I2C_GenerateSTART
                0x08008390                I2C_GenerateSTOP
                0x080083d0                I2C_Send7bitAddress
                0x0800840c                I2C_AcknowledgeConfig
                0x0800844c                I2C_OwnAddress2Config
                0x08008490                I2C_DualAddressCmd
                0x080084d0                I2C_GeneralCallCmd
                0x08008510                I2C_SoftwareResetCmd
                0x08008554                I2C_StretchClockCmd
                0x08008594                I2C_FastModeDutyCycleConfig
                0x080085d8                I2C_NACKPositionConfig
                0x0800861c                I2C_SMBusAlertConfig
                0x08008660                I2C_ARPCmd
                0x080086a0                I2C_SendData
                0x080086c0                I2C_ReceiveData
                0x080086dc                I2C_TransmitPEC
                0x0800871c                I2C_PECPositionConfig
                0x08008760                I2C_CalculatePEC
                0x080087a0                I2C_GetPEC
                0x080087c0                I2C_DMACmd
                0x08008800                I2C_DMALastTransferCmd
                0x08008840                I2C_ReadRegister
                0x08008870                I2C_ITConfig
                0x080088b8                I2C_CheckEvent
                0x08008918                I2C_GetLastEvent
                0x0800895c                I2C_GetFlagStatus
                0x080089c4                I2C_ClearFlag
                0x080089f4                I2C_GetITStatus
                0x08008a50                I2C_ClearITPendingBit
 .text          0x08008a80      0xae0 /root/beagle-punch/controller/punch-eval/build/stm32f4xx_rcc.o
                0x08008a80                RCC_DeInit
                0x08008ad0                RCC_HSEConfig
                0x08008af8                RCC_WaitForHSEStartUp
                0x08008b48                RCC_AdjustHSICalibrationValue
                0x08008b84                RCC_HSICmd
                0x08008ba4                RCC_LSEConfig
                0x08008be8                RCC_LSICmd
                0x08008c08                RCC_PLLConfig
                0x08008c48                RCC_PLLCmd
                0x08008c68                RCC_PLLI2SConfig
                0x08008c94                RCC_PLLI2SCmd
                0x08008cb4                RCC_ClockSecuritySystemCmd
                0x08008cd4                RCC_MCO1Config
                0x08008d14                RCC_MCO2Config
                0x08008d54                RCC_SYSCLKConfig
                0x08008d8c                RCC_GetSYSCLKSource
                0x08008dac                RCC_HCLKConfig
                0x08008de4                RCC_PCLK1Config
                0x08008e1c                RCC_PCLK2Config
                0x08008e58                RCC_GetClocksFreq
                0x08008fac                RCC_RTCCLKConfig
                0x08009008                RCC_RTCCLKCmd
                0x08009028                RCC_BackupResetCmd
                0x08009048                RCC_I2SCLKConfig
                0x08009068                RCC_AHB1PeriphClockCmd
                0x080090a8                RCC_AHB2PeriphClockCmd
                0x080090e8                RCC_AHB3PeriphClockCmd
                0x08009128                RCC_APB1PeriphClockCmd
                0x08009168                RCC_APB2PeriphClockCmd
                0x080091a8                RCC_AHB1PeriphResetCmd
                0x080091e8                RCC_AHB2PeriphResetCmd
                0x08009228                RCC_AHB3PeriphResetCmd
                0x08009268                RCC_APB1PeriphResetCmd
                0x080092a8                RCC_APB2PeriphResetCmd
                0x080092e8                RCC_AHB1PeriphClockLPModeCmd
                0x08009328                RCC_AHB2PeriphClockLPModeCmd
                0x08009368                RCC_AHB3PeriphClockLPModeCmd
                0x080093a8                RCC_APB1PeriphClockLPModeCmd
                0x080093e8                RCC_APB2PeriphClockLPModeCmd
                0x08009428                RCC_ITConfig
                0x08009474                RCC_GetFlagStatus
                0x080094e8                RCC_ClearFlag
                0x08009508                RCC_GetITStatus
                0x08009540                RCC_ClearITPendingBit
 .text          0x08009560      0x834 /root/beagle-punch/controller/punch-eval/build/stm32f4xx_spi.o
                0x08009560                SPI_I2S_DeInit
                0x080095d4                SPI_Init
                0x0800965c                I2S_Init
                0x08009810                SPI_StructInit
                0x0800985c                I2S_StructInit
                0x08009894                SPI_Cmd
                0x080098d4                I2S_Cmd
                0x08009914                SPI_DataSizeConfig
                0x0800994c                SPI_BiDirectionalLineConfig
                0x08009990                SPI_NSSInternalSoftwareConfig
                0x080099d4                SPI_SSOutputCmd
                0x08009a14                SPI_TIModeCmd
                0x08009a54                I2S_FullDuplexConfig
                0x08009af0                SPI_I2S_ReceiveData
                0x08009b0c                SPI_I2S_SendData
                0x08009b2c                SPI_CalculateCRC
                0x08009b6c                SPI_TransmitCRC
                0x08009b90                SPI_GetCRC
                0x08009bc4                SPI_GetCRCPolynomial
                0x08009be0                SPI_I2S_DMACmd
                0x08009c28                SPI_I2S_ITConfig
                0x08009c8c                SPI_I2S_GetFlagStatus
                0x08009cc4                SPI_I2S_ClearFlag
                0x08009ce8                SPI_I2S_GetITStatus
                0x08009d60                SPI_I2S_ClearITPendingBit
 .text          0x08009d94     0x1c3c /root/beagle-punch/controller/punch-eval/build/stm32f4xx_tim.o
                0x08009d94                TIM_DeInit
                0x08009f54                TIM_TimeBaseInit
                0x0800a02c                TIM_TimeBaseStructInit
                0x0800a060                TIM_PrescalerConfig
                0x0800a088                TIM_CounterModeConfig
                0x0800a0c0                TIM_SetCounter
                0x0800a0dc                TIM_SetAutoreload
                0x0800a0f8                TIM_GetCounter
                0x0800a110                TIM_GetPrescaler
                0x0800a12c                TIM_UpdateDisableConfig
                0x0800a16c                TIM_UpdateRequestConfig
                0x0800a1ac                TIM_ARRPreloadConfig
                0x0800a1ec                TIM_SelectOnePulseMode
                0x0800a224                TIM_SetClockDivision
                0x0800a25c                TIM_Cmd
                0x0800a29c                TIM_OC1Init
                0x0800a390                TIM_OC2Init
                0x0800a4a0                TIM_OC3Init
                0x0800a5ac                TIM_OC4Init
                0x0800a67c                TIM_OCStructInit
                0x0800a6c0                TIM_SelectOCxM
                0x0800a774                TIM_SetCompare1
                0x0800a790                TIM_SetCompare2
                0x0800a7ac                TIM_SetCompare3
                0x0800a7c8                TIM_SetCompare4
                0x0800a7e4                TIM_ForcedOC1Config
                0x0800a81c                TIM_ForcedOC2Config
                0x0800a858                TIM_ForcedOC3Config
                0x0800a890                TIM_ForcedOC4Config
                0x0800a8cc                TIM_OC1PreloadConfig
                0x0800a904                TIM_OC2PreloadConfig
                0x0800a940                TIM_OC3PreloadConfig
                0x0800a978                TIM_OC4PreloadConfig
                0x0800a9b4                TIM_OC1FastConfig
                0x0800a9ec                TIM_OC2FastConfig
                0x0800aa28                TIM_OC3FastConfig
                0x0800aa60                TIM_OC4FastConfig
                0x0800aa9c                TIM_ClearOC1Ref
                0x0800aad4                TIM_ClearOC2Ref
                0x0800ab10                TIM_ClearOC3Ref
                0x0800ab48                TIM_ClearOC4Ref
                0x0800ab84                TIM_OC1PolarityConfig
                0x0800abbc                TIM_OC1NPolarityConfig
                0x0800abf4                TIM_OC2PolarityConfig
                0x0800ac30                TIM_OC2NPolarityConfig
                0x0800ac6c                TIM_OC3PolarityConfig
                0x0800aca8                TIM_OC3NPolarityConfig
                0x0800ace4                TIM_OC4PolarityConfig
                0x0800ad20                TIM_CCxCmd
                0x0800ad7c                TIM_CCxNCmd
                0x0800add8                TIM_ICInit
                0x0800ae80                TIM_ICStructInit
                0x0800aeb4                TIM_PWMIConfig
                0x0800af6c                TIM_GetCapture1
                0x0800af84                TIM_GetCapture2
                0x0800af9c                TIM_GetCapture3
                0x0800afb4                TIM_GetCapture4
                0x0800afcc                TIM_SetIC1Prescaler
                0x0800b004                TIM_SetIC2Prescaler
                0x0800b040                TIM_SetIC3Prescaler
                0x0800b078                TIM_SetIC4Prescaler
                0x0800b0b4                TIM_BDTRConfig
                0x0800b104                TIM_BDTRStructInit
                0x0800b144                TIM_CtrlPWMOutputs
                0x0800b190                TIM_SelectCOM
                0x0800b1d0                TIM_CCPreloadControl
                0x0800b210                TIM_ITConfig
                0x0800b258                TIM_GenerateEvent
                0x0800b278                TIM_GetFlagStatus
                0x0800b2b0                TIM_ClearFlag
                0x0800b2d4                TIM_GetITStatus
                0x0800b328                TIM_ClearITPendingBit
                0x0800b34c                TIM_DMAConfig
                0x0800b378                TIM_DMACmd
                0x0800b3c0                TIM_SelectCCDMA
                0x0800b400                TIM_InternalClockConfig
                0x0800b424                TIM_ITRxExternalClockConfig
                0x0800b454                TIM_TIxExternalClockConfig
                0x0800b4b0                TIM_ETRClockMode1Config
                0x0800b510                TIM_ETRClockMode2Config
                0x0800b550                TIM_SelectInputTrigger
                0x0800b588                TIM_SelectOutputTrigger
                0x0800b5c0                TIM_SelectSlaveMode
                0x0800b5f8                TIM_SelectMasterSlaveMode
                0x0800b630                TIM_ETRConfig
                0x0800b684                TIM_EncoderInterfaceConfig
                0x0800b71c                TIM_SelectHallSensor
                0x0800b75c                TIM_RemapConfig
 .text          0x0800b9d0      0x93c /root/beagle-punch/controller/punch-eval/build/stm32f4xx_usart.o
                0x0800b9d0                USART_DeInit
                0x0800baa4                USART_Init
                0x0800bc1c                USART_StructInit
                0x0800bc58                USART_ClockInit
                0x0800bcb0                USART_ClockStructInit
                0x0800bcdc                USART_Cmd
                0x0800bd1c                USART_SetPrescaler
                0x0800bd58                USART_OverSampling8Cmd
                0x0800bd9c                USART_OneBitMethodCmd
                0x0800bddc                USART_SendData
                0x0800be00                USART_ReceiveData
                0x0800be20                USART_SetAddress
                0x0800be5c                USART_ReceiverWakeUpCmd
                0x0800be9c                USART_WakeUpConfig
                0x0800bed4                USART_LINBreakDetectLengthConfig
                0x0800bf0c                USART_LINCmd
                0x0800bf4c                USART_SendBreak
                0x0800bf70                USART_HalfDuplexCmd
                0x0800bfb0                USART_SetGuardTime
                0x0800bfec                USART_SmartCardCmd
                0x0800c02c                USART_SmartCardNACKCmd
                0x0800c06c                USART_IrDAConfig
                0x0800c0a4                USART_IrDACmd
                0x0800c0e4                USART_DMACmd
                0x0800c12c                USART_ITConfig
                0x0800c1bc                USART_GetFlagStatus
                0x0800c1f4                USART_ClearFlag
                0x0800c218                USART_GetITStatus
                0x0800c2d0                USART_ClearITPendingBit
 .text          0x0800c30c      0x160 /root/beagle-punch/controller/punch-eval/build/stm32f4xx_rng.o
                0x0800c30c                RNG_DeInit
                0x0800c324                RNG_Cmd
                0x0800c360                RNG_GetRandomNumber
                0x0800c378                RNG_ITConfig
                0x0800c3b4                RNG_GetFlagStatus
                0x0800c3ec                RNG_ClearFlag
                0x0800c410                RNG_GetITStatus
                0x0800c448                RNG_ClearITPendingBit
 .text          0x0800c46c        0x0 /opt/gcc-arm-none-eabi/bin/../lib/gcc/arm-none-eabi/5.2.1/../../../../arm-none-eabi/lib/armv7e-m/fpu/libg.a(lib_a-errno.o)
 .text          0x0800c46c        0x0 /opt/gcc-arm-none-eabi/bin/../lib/gcc/arm-none-eabi/5.2.1/../../../../arm-none-eabi/lib/armv7e-m/fpu/libg.a(lib_a-exit.o)
 .text          0x0800c46c        0x0 /opt/gcc-arm-none-eabi/bin/../lib/gcc/arm-none-eabi/5.2.1/../../../../arm-none-eabi/lib/armv7e-m/fpu/libg.a(lib_a-impure.o)
 .text          0x0800c46c        0x0 /opt/gcc-arm-none-eabi/bin/../lib/gcc/arm-none-eabi/5.2.1/../../../../arm-none-eabi/lib/armv7e-m/fpu/libg.a(lib_a-init.o)
 .text          0x0800c46c        0x0 /opt/gcc-arm-none-eabi/bin/../lib/gcc/arm-none-eabi/5.2.1/../../../../arm-none-eabi/lib/armv7e-m/fpu/libg.a(lib_a-memcmp.o)
 .text          0x0800c46c      0x134 /opt/gcc-arm-none-eabi/bin/../lib/gcc/arm-none-eabi/5.2.1/../../../../arm-none-eabi/lib/armv7e-m/fpu/libg.a(lib_a-memcpy.o)
                0x0800c46c                memcpy
 .text          0x0800c5a0        0x0 /opt/gcc-arm-none-eabi/bin/../lib/gcc/arm-none-eabi/5.2.1/../../../../arm-none-eabi/lib/armv7e-m/fpu/libg.a(lib_a-memset.o)
 .text          0x0800c5a0        0x0 /opt/gcc-arm-none-eabi/bin/../lib/gcc/arm-none-eabi/5.2.1/../../../../arm-none-eabi/lib/armv7e-m/fpu/libg.a(lib_a-printf.o)
 .text          0x0800c5a0        0x0 /opt/gcc-arm-none-eabi/bin/../lib/gcc/arm-none-eabi/5.2.1/../../../../arm-none-eabi/lib/armv7e-m/fpu/libg.a(lib_a-puts.o)
 *fill*         0x0800c5a0       0x20 
 .text          0x0800c5c0       0xdc /opt/gcc-arm-none-eabi/bin/../lib/gcc/arm-none-eabi/5.2.1/../../../../arm-none-eabi/lib/armv7e-m/fpu/libg.a(lib_a-strlen.o)
                0x0800c5c0                strlen
 .text          0x0800c69c        0x0 /opt/gcc-arm-none-eabi/bin/../lib/gcc/arm-none-eabi/5.2.1/../../../../arm-none-eabi/lib/armv7e-m/fpu/libg.a(lib_a-vfprintf.o)
 .text          0x0800c69c        0x0 /opt/gcc-arm-none-eabi/bin/../lib/gcc/arm-none-eabi/5.2.1/../../../../arm-none-eabi/lib/armv7e-m/fpu/libg.a(lib_a-wsetup.o)
 .text          0x0800c69c        0x0 /opt/gcc-arm-none-eabi/bin/../lib/gcc/arm-none-eabi/5.2.1/../../../../arm-none-eabi/lib/armv7e-m/fpu/libg.a(lib_a-__call_atexit.o)
 .text          0x0800c69c        0x0 /opt/gcc-arm-none-eabi/bin/../lib/gcc/arm-none-eabi/5.2.1/../../../../arm-none-eabi/lib/armv7e-m/fpu/libg.a(lib_a-atexit.o)
 .text          0x0800c69c        0x0 /opt/gcc-arm-none-eabi/bin/../lib/gcc/arm-none-eabi/5.2.1/../../../../arm-none-eabi/lib/armv7e-m/fpu/libg.a(lib_a-dtoa.o)
 .text          0x0800c69c        0x0 /opt/gcc-arm-none-eabi/bin/../lib/gcc/arm-none-eabi/5.2.1/../../../../arm-none-eabi/lib/armv7e-m/fpu/libg.a(lib_a-fflush.o)
 .text          0x0800c69c        0x0 /opt/gcc-arm-none-eabi/bin/../lib/gcc/arm-none-eabi/5.2.1/../../../../arm-none-eabi/lib/armv7e-m/fpu/libg.a(lib_a-findfp.o)
 .text          0x0800c69c        0x0 /opt/gcc-arm-none-eabi/bin/../lib/gcc/arm-none-eabi/5.2.1/../../../../arm-none-eabi/lib/armv7e-m/fpu/libg.a(lib_a-fini.o)
 .text          0x0800c69c        0x0 /opt/gcc-arm-none-eabi/bin/../lib/gcc/arm-none-eabi/5.2.1/../../../../arm-none-eabi/lib/armv7e-m/fpu/libg.a(lib_a-freer.o)
 .text          0x0800c69c        0x0 /opt/gcc-arm-none-eabi/bin/../lib/gcc/arm-none-eabi/5.2.1/../../../../arm-none-eabi/lib/armv7e-m/fpu/libg.a(lib_a-fvwrite.o)
 .text          0x0800c69c        0x0 /opt/gcc-arm-none-eabi/bin/../lib/gcc/arm-none-eabi/5.2.1/../../../../arm-none-eabi/lib/armv7e-m/fpu/libg.a(lib_a-fwalk.o)
 .text          0x0800c69c        0x0 /opt/gcc-arm-none-eabi/bin/../lib/gcc/arm-none-eabi/5.2.1/../../../../arm-none-eabi/lib/armv7e-m/fpu/libg.a(lib_a-locale.o)
 .text          0x0800c69c        0x0 /opt/gcc-arm-none-eabi/bin/../lib/gcc/arm-none-eabi/5.2.1/../../../../arm-none-eabi/lib/armv7e-m/fpu/libg.a(lib_a-makebuf.o)
 .text          0x0800c69c        0x0 /opt/gcc-arm-none-eabi/bin/../lib/gcc/arm-none-eabi/5.2.1/../../../../arm-none-eabi/lib/armv7e-m/fpu/libg.a(lib_a-mallocr.o)
 *fill*         0x0800c69c        0x4 
 .text          0x0800c6a0       0xa0 /opt/gcc-arm-none-eabi/bin/../lib/gcc/arm-none-eabi/5.2.1/../../../../arm-none-eabi/lib/armv7e-m/fpu/libg.a(lib_a-memchr.o)
                0x0800c6a0                memchr
 .text          0x0800c740        0x0 /opt/gcc-arm-none-eabi/bin/../lib/gcc/arm-none-eabi/5.2.1/../../../../arm-none-eabi/lib/armv7e-m/fpu/libg.a(lib_a-memmove.o)
 .text          0x0800c740        0x0 /opt/gcc-arm-none-eabi/bin/../lib/gcc/arm-none-eabi/5.2.1/../../../../arm-none-eabi/lib/armv7e-m/fpu/libg.a(lib_a-mlock.o)
 .text          0x0800c740        0x0 /opt/gcc-arm-none-eabi/bin/../lib/gcc/arm-none-eabi/5.2.1/../../../../arm-none-eabi/lib/armv7e-m/fpu/libg.a(lib_a-mprec.o)
 .text          0x0800c740        0x0 /opt/gcc-arm-none-eabi/bin/../lib/gcc/arm-none-eabi/5.2.1/../../../../arm-none-eabi/lib/armv7e-m/fpu/libg.a(lib_a-reallocr.o)
 .text          0x0800c740        0x0 /opt/gcc-arm-none-eabi/bin/../lib/gcc/arm-none-eabi/5.2.1/../../../../arm-none-eabi/lib/armv7e-m/fpu/libg.a(lib_a-s_fpclassify.o)
 .text          0x0800c740        0x0 /opt/gcc-arm-none-eabi/bin/../lib/gcc/arm-none-eabi/5.2.1/../../../../arm-none-eabi/lib/armv7e-m/fpu/libg.a(lib_a-sbrkr.o)
 .text          0x0800c740        0x0 /opt/gcc-arm-none-eabi/bin/../lib/gcc/arm-none-eabi/5.2.1/../../../../arm-none-eabi/lib/armv7e-m/fpu/libg.a(lib_a-stdio.o)
 .text          0x0800c740      0x2dc /opt/gcc-arm-none-eabi/bin/../lib/gcc/arm-none-eabi/5.2.1/../../../../arm-none-eabi/lib/armv7e-m/fpu/libg.a(lib_a-strcmp.o)
                0x0800c748                strcmp
 .text          0x0800ca1c        0x0 /opt/gcc-arm-none-eabi/bin/../lib/gcc/arm-none-eabi/5.2.1/../../../../arm-none-eabi/lib/armv7e-m/fpu/libg.a(lib_a-vfiprintf.o)
 .text          0x0800ca1c        0x0 /opt/gcc-arm-none-eabi/bin/../lib/gcc/arm-none-eabi/5.2.1/../../../../arm-none-eabi/lib/armv7e-m/fpu/libg.a(lib_a-writer.o)
 .text          0x0800ca1c        0x0 /opt/gcc-arm-none-eabi/bin/../lib/gcc/arm-none-eabi/5.2.1/../../../../arm-none-eabi/lib/armv7e-m/fpu/libg.a(lib_a-__atexit.o)
 .text          0x0800ca1c        0x0 /opt/gcc-arm-none-eabi/bin/../lib/gcc/arm-none-eabi/5.2.1/../../../../arm-none-eabi/lib/armv7e-m/fpu/libg.a(lib_a-callocr.o)
 .text          0x0800ca1c        0x0 /opt/gcc-arm-none-eabi/bin/../lib/gcc/arm-none-eabi/5.2.1/../../../../arm-none-eabi/lib/armv7e-m/fpu/libg.a(lib_a-closer.o)
 .text          0x0800ca1c        0x0 /opt/gcc-arm-none-eabi/bin/../lib/gcc/arm-none-eabi/5.2.1/../../../../arm-none-eabi/lib/armv7e-m/fpu/libg.a(lib_a-fclose.o)
 .text          0x0800ca1c        0x0 /opt/gcc-arm-none-eabi/bin/../lib/gcc/arm-none-eabi/5.2.1/../../../../arm-none-eabi/lib/armv7e-m/fpu/libg.a(lib_a-fputwc.o)
 .text          0x0800ca1c        0x0 /opt/gcc-arm-none-eabi/bin/../lib/gcc/arm-none-eabi/5.2.1/../../../../arm-none-eabi/lib/armv7e-m/fpu/libg.a(lib_a-fstatr.o)
 .text          0x0800ca1c        0x0 /opt/gcc-arm-none-eabi/bin/../lib/gcc/arm-none-eabi/5.2.1/../../../../arm-none-eabi/lib/armv7e-m/fpu/libg.a(lib_a-isattyr.o)
 .text          0x0800ca1c        0x0 /opt/gcc-arm-none-eabi/bin/../lib/gcc/arm-none-eabi/5.2.1/../../../../arm-none-eabi/lib/armv7e-m/fpu/libg.a(lib_a-lseekr.o)
 .text          0x0800ca1c        0x0 /opt/gcc-arm-none-eabi/bin/../lib/gcc/arm-none-eabi/5.2.1/../../../../arm-none-eabi/lib/armv7e-m/fpu/libg.a(lib_a-readr.o)
 .text          0x0800ca1c        0x0 /opt/gcc-arm-none-eabi/bin/../lib/gcc/arm-none-eabi/5.2.1/../../../../arm-none-eabi/lib/armv7e-m/fpu/libg.a(lib_a-reent.o)
 .text          0x0800ca1c        0x0 /opt/gcc-arm-none-eabi/bin/../lib/gcc/arm-none-eabi/5.2.1/../../../../arm-none-eabi/lib/armv7e-m/fpu/libg.a(lib_a-wbuf.o)
 .text          0x0800ca1c        0x0 /opt/gcc-arm-none-eabi/bin/../lib/gcc/arm-none-eabi/5.2.1/../../../../arm-none-eabi/lib/armv7e-m/fpu/libg.a(lib_a-wcrtomb.o)
 .text          0x0800ca1c        0x0 /opt/gcc-arm-none-eabi/bin/../lib/gcc/arm-none-eabi/5.2.1/../../../../arm-none-eabi/lib/armv7e-m/fpu/libg.a(lib_a-wctomb_r.o)
 .text          0x0800ca1c      0x370 /opt/gcc-arm-none-eabi/bin/../lib/gcc/arm-none-eabi/5.2.1/armv7e-m/fpu/libgcc.a(_arm_addsubdf3.o)
                0x0800ca1c                __aeabi_drsub
                0x0800ca24                __aeabi_dsub
                0x0800ca24                __subdf3
                0x0800ca28                __adddf3
                0x0800ca28                __aeabi_dadd
                0x0800cca0                __aeabi_ui2d
                0x0800cca0                __floatunsidf
                0x0800ccc0                __floatsidf
                0x0800ccc0                __aeabi_i2d
                0x0800cce4                __extendsfdf2
                0x0800cce4                __aeabi_f2d
                0x0800cd20                __aeabi_ul2d
                0x0800cd20                __floatundidf
                0x0800cd30                __floatdidf
                0x0800cd30                __aeabi_l2d
 .text          0x0800cd8c      0x424 /opt/gcc-arm-none-eabi/bin/../lib/gcc/arm-none-eabi/5.2.1/armv7e-m/fpu/libgcc.a(_arm_muldivdf3.o)
                0x0800cd8c                __aeabi_dmul
                0x0800cd8c                __muldf3
                0x0800cfe0                __aeabi_ddiv
                0x0800cfe0                __divdf3
 .text          0x0800d1b0      0x110 /opt/gcc-arm-none-eabi/bin/../lib/gcc/arm-none-eabi/5.2.1/armv7e-m/fpu/libgcc.a(_arm_cmpdf2.o)
                0x0800d1b0                __gtdf2
                0x0800d1b0                __gedf2
                0x0800d1b8                __ltdf2
                0x0800d1b8                __ledf2
                0x0800d1c0                __cmpdf2
                0x0800d1c0                __eqdf2
                0x0800d1c0                __nedf2
                0x0800d23c                __aeabi_cdrcmple
                0x0800d24c                __aeabi_cdcmple
                0x0800d24c                __aeabi_cdcmpeq
                0x0800d25c                __aeabi_dcmpeq
                0x0800d270                __aeabi_dcmplt
                0x0800d284                __aeabi_dcmple
                0x0800d298                __aeabi_dcmpge
                0x0800d2ac                __aeabi_dcmpgt
 .text          0x0800d2c0       0x50 /opt/gcc-arm-none-eabi/bin/../lib/gcc/arm-none-eabi/5.2.1/armv7e-m/fpu/libgcc.a(_arm_fixdfsi.o)
                0x0800d2c0                __fixdfsi
                0x0800d2c0                __aeabi_d2iz
 .text          0x0800d310       0x30 /opt/gcc-arm-none-eabi/bin/../lib/gcc/arm-none-eabi/5.2.1/armv7e-m/fpu/libgcc.a(_aeabi_uldivmod.o)
                0x0800d310                __aeabi_uldivmod
 .text          0x0800d340      0x2e4 /opt/gcc-arm-none-eabi/bin/../lib/gcc/arm-none-eabi/5.2.1/armv7e-m/fpu/libgcc.a(_udivmoddi4.o)
                0x0800d340                __udivmoddi4
 .text          0x0800d624        0x4 /opt/gcc-arm-none-eabi/bin/../lib/gcc/arm-none-eabi/5.2.1/armv7e-m/fpu/libgcc.a(_dvmd_tls.o)
                0x0800d624                __aeabi_ldiv0
                0x0800d624                __aeabi_idiv0
 .text          0x0800d628        0x0 /opt/gcc-arm-none-eabi/bin/../lib/gcc/arm-none-eabi/5.2.1/armv7e-m/fpu/crtend.o
 .text          0x0800d628        0x0 /opt/gcc-arm-none-eabi/bin/../lib/gcc/arm-none-eabi/5.2.1/armv7e-m/fpu/crtn.o
 *(.text*)
 .text.Reset_Handler
                0x0800d628       0x48 /root/beagle-punch/controller/punch-eval/build/startup_stm32f4xx.o
                0x0800d628                Reset_Handler
 .text.Default_Handler
                0x0800d670        0x2 /root/beagle-punch/controller/punch-eval/build/startup_stm32f4xx.o
                0x0800d670                RTC_Alarm_IRQHandler
                0x0800d670                HASH_RNG_IRQHandler
                0x0800d670                EXTI2_IRQHandler
                0x0800d670                TIM8_CC_IRQHandler
                0x0800d670                TIM1_CC_IRQHandler
                0x0800d670                DMA2_Stream5_IRQHandler
                0x0800d670                HardFault_Handler
                0x0800d670                DMA1_Stream5_IRQHandler
                0x0800d670                PVD_IRQHandler
                0x0800d670                SDIO_IRQHandler
                0x0800d670                TAMP_STAMP_IRQHandler
                0x0800d670                CAN2_RX1_IRQHandler
                0x0800d670                EXTI3_IRQHandler
                0x0800d670                TIM8_TRG_COM_TIM14_IRQHandler
                0x0800d670                TIM1_UP_TIM10_IRQHandler
                0x0800d670                TIM8_UP_TIM13_IRQHandler
                0x0800d670                I2C3_ER_IRQHandler
                0x0800d670                I2C2_EV_IRQHandler
                0x0800d670                DMA1_Stream2_IRQHandler
                0x0800d670                CAN1_RX0_IRQHandler
                0x0800d670                FPU_IRQHandler
                0x0800d670                OTG_HS_WKUP_IRQHandler
                0x0800d670                CAN2_SCE_IRQHandler
                0x0800d670                DMA2_Stream2_IRQHandler
                0x0800d670                SPI1_IRQHandler
                0x0800d670                TIM6_DAC_IRQHandler
                0x0800d670                TIM1_BRK_TIM9_IRQHandler
                0x0800d670                DCMI_IRQHandler
                0x0800d670                CAN2_RX0_IRQHandler
                0x0800d670                DMA2_Stream3_IRQHandler
                0x0800d670                USART6_IRQHandler
                0x0800d670                USART3_IRQHandler
                0x0800d670                CRYP_IRQHandler
                0x0800d670                CAN1_RX1_IRQHandler
                0x0800d670                UART5_IRQHandler
                0x0800d670                DMA2_Stream0_IRQHandler
                0x0800d670                TIM4_IRQHandler
                0x0800d670                I2C1_EV_IRQHandler
                0x0800d670                DMA1_Stream6_IRQHandler
                0x0800d670                DMA1_Stream1_IRQHandler
                0x0800d670                UART4_IRQHandler
                0x0800d670                TIM3_IRQHandler
                0x0800d670                RCC_IRQHandler
                0x0800d670                TIM8_BRK_TIM12_IRQHandler
                0x0800d670                Default_Handler
                0x0800d670                EXTI15_10_IRQHandler
                0x0800d670                ADC_IRQHandler
                0x0800d670                DMA1_Stream7_IRQHandler
                0x0800d670                TIM7_IRQHandler
                0x0800d670                CAN2_TX_IRQHandler
                0x0800d670                TIM5_IRQHandler
                0x0800d670                DMA2_Stream7_IRQHandler
                0x0800d670                I2C3_EV_IRQHandler
                0x0800d670                EXTI9_5_IRQHandler
                0x0800d670                RTC_WKUP_IRQHandler
                0x0800d670                ETH_WKUP_IRQHandler
                0x0800d670                OTG_HS_EP1_IN_IRQHandler
                0x0800d670                DMA1_Stream0_IRQHandler
                0x0800d670                CAN1_TX_IRQHandler
                0x0800d670                EXTI4_IRQHandler
                0x0800d670                FSMC_IRQHandler
                0x0800d670                ETH_IRQHandler
                0x0800d670                OTG_HS_EP1_OUT_IRQHandler
                0x0800d670                WWDG_IRQHandler
                0x0800d670                TIM2_IRQHandler
                0x0800d670                OTG_FS_WKUP_IRQHandler
                0x0800d670                TIM1_TRG_COM_TIM11_IRQHandler
                0x0800d670                OTG_HS_IRQHandler
                0x0800d670                EXTI1_IRQHandler
                0x0800d670                I2C2_ER_IRQHandler
                0x0800d670                DMA2_Stream1_IRQHandler
                0x0800d670                CAN1_SCE_IRQHandler
                0x0800d670                FLASH_IRQHandler
                0x0800d670                DMA2_Stream4_IRQHandler
                0x0800d670                USART1_IRQHandler
                0x0800d670                OTG_FS_IRQHandler
                0x0800d670                SPI3_IRQHandler
                0x0800d670                DMA1_Stream4_IRQHandler
                0x0800d670                I2C1_ER_IRQHandler
                0x0800d670                DMA2_Stream6_IRQHandler
                0x0800d670                DMA1_Stream3_IRQHandler
 *fill*         0x0800d672        0x2 
 .text._ZN3SPI10writeBytesEhh
                0x0800d674       0xb8 /root/beagle-punch/controller/punch-eval/build/main.o
                0x0800d674                SPI::writeBytes(unsigned char, unsigned char)
 .text._ZN3SPI8readByteEh
                0x0800d72c       0xdc /root/beagle-punch/controller/punch-eval/build/main.o
                0x0800d72c                SPI::readByte(unsigned char)
 .text._ZN3SPI16interruptHandlerEv
                0x0800d808       0x40 /root/beagle-punch/controller/punch-eval/build/hooks.o
                0x0800d808                SPI::interruptHandler()
 .text._ZN4UART7canSendEv
                0x0800d848       0x2c /root/beagle-punch/controller/punch-eval/build/UART.o
                0x0800d848                UART::canSend()
 .text._ZN4UART7canRecvEv
                0x0800d874       0x2c /root/beagle-punch/controller/punch-eval/build/UART.o
                0x0800d874                UART::canRecv()
 .text.__errno  0x0800d8a0        0xc /opt/gcc-arm-none-eabi/bin/../lib/gcc/arm-none-eabi/5.2.1/../../../../arm-none-eabi/lib/armv7e-m/fpu/libg.a(lib_a-errno.o)
                0x0800d8a0                __errno
 .text.exit     0x0800d8ac       0x20 /opt/gcc-arm-none-eabi/bin/../lib/gcc/arm-none-eabi/5.2.1/../../../../arm-none-eabi/lib/armv7e-m/fpu/libg.a(lib_a-exit.o)
                0x0800d8ac                exit
 .text.__libc_init_array
                0x0800d8cc       0x50 /opt/gcc-arm-none-eabi/bin/../lib/gcc/arm-none-eabi/5.2.1/../../../../arm-none-eabi/lib/armv7e-m/fpu/libg.a(lib_a-init.o)
                0x0800d8cc                __libc_init_array
 .text.memcmp   0x0800d91c       0x64 /opt/gcc-arm-none-eabi/bin/../lib/gcc/arm-none-eabi/5.2.1/../../../../arm-none-eabi/lib/armv7e-m/fpu/libg.a(lib_a-memcmp.o)
                0x0800d91c                memcmp
 .text.memset   0x0800d980       0x9c /opt/gcc-arm-none-eabi/bin/../lib/gcc/arm-none-eabi/5.2.1/../../../../arm-none-eabi/lib/armv7e-m/fpu/libg.a(lib_a-memset.o)
                0x0800d980                memset
 .text._printf_r
                0x0800da1c       0x20 /opt/gcc-arm-none-eabi/bin/../lib/gcc/arm-none-eabi/5.2.1/../../../../arm-none-eabi/lib/armv7e-m/fpu/libg.a(lib_a-printf.o)
                0x0800da1c                _printf_r
 .text.printf   0x0800da3c       0x28 /opt/gcc-arm-none-eabi/bin/../lib/gcc/arm-none-eabi/5.2.1/../../../../arm-none-eabi/lib/armv7e-m/fpu/libg.a(lib_a-printf.o)
                0x0800da3c                printf
 .text._puts_r  0x0800da64       0x64 /opt/gcc-arm-none-eabi/bin/../lib/gcc/arm-none-eabi/5.2.1/../../../../arm-none-eabi/lib/armv7e-m/fpu/libg.a(lib_a-puts.o)
                0x0800da64                _puts_r
 .text.puts     0x0800dac8       0x10 /opt/gcc-arm-none-eabi/bin/../lib/gcc/arm-none-eabi/5.2.1/../../../../arm-none-eabi/lib/armv7e-m/fpu/libg.a(lib_a-puts.o)
                0x0800dac8                puts
 .text._vfprintf_r
                0x0800dad8     0x16a0 /opt/gcc-arm-none-eabi/bin/../lib/gcc/arm-none-eabi/5.2.1/../../../../arm-none-eabi/lib/armv7e-m/fpu/libg.a(lib_a-vfprintf.o)
                0x0800dad8                _vfprintf_r
 .text.vfprintf
                0x0800f178       0x18 /opt/gcc-arm-none-eabi/bin/../lib/gcc/arm-none-eabi/5.2.1/../../../../arm-none-eabi/lib/armv7e-m/fpu/libg.a(lib_a-vfprintf.o)
                0x0800f178                vfprintf
 .text.__sbprintf
                0x0800f190       0x6c /opt/gcc-arm-none-eabi/bin/../lib/gcc/arm-none-eabi/5.2.1/../../../../arm-none-eabi/lib/armv7e-m/fpu/libg.a(lib_a-vfprintf.o)
 .text.__swsetup_r
                0x0800f1fc       0xc4 /opt/gcc-arm-none-eabi/bin/../lib/gcc/arm-none-eabi/5.2.1/../../../../arm-none-eabi/lib/armv7e-m/fpu/libg.a(lib_a-wsetup.o)
                0x0800f1fc                __swsetup_r
 .text.startup.register_fini
                0x0800f2c0       0x14 /opt/gcc-arm-none-eabi/bin/../lib/gcc/arm-none-eabi/5.2.1/../../../../arm-none-eabi/lib/armv7e-m/fpu/libg.a(lib_a-__call_atexit.o)
 .text.__call_exitprocs
                0x0800f2d4       0xd8 /opt/gcc-arm-none-eabi/bin/../lib/gcc/arm-none-eabi/5.2.1/../../../../arm-none-eabi/lib/armv7e-m/fpu/libg.a(lib_a-__call_atexit.o)
                0x0800f2d4                __call_exitprocs
 .text.atexit   0x0800f3ac        0xc /opt/gcc-arm-none-eabi/bin/../lib/gcc/arm-none-eabi/5.2.1/../../../../arm-none-eabi/lib/armv7e-m/fpu/libg.a(lib_a-atexit.o)
                0x0800f3ac                atexit
 .text.quorem   0x0800f3b8      0x128 /opt/gcc-arm-none-eabi/bin/../lib/gcc/arm-none-eabi/5.2.1/../../../../arm-none-eabi/lib/armv7e-m/fpu/libg.a(lib_a-dtoa.o)
 .text._dtoa_r  0x0800f4e0      0xe34 /opt/gcc-arm-none-eabi/bin/../lib/gcc/arm-none-eabi/5.2.1/../../../../arm-none-eabi/lib/armv7e-m/fpu/libg.a(lib_a-dtoa.o)
                0x0800f4e0                _dtoa_r
 .text.__sflush_r
                0x08010314      0x148 /opt/gcc-arm-none-eabi/bin/../lib/gcc/arm-none-eabi/5.2.1/../../../../arm-none-eabi/lib/armv7e-m/fpu/libg.a(lib_a-fflush.o)
                0x08010314                __sflush_r
 .text._fflush_r
                0x0801045c       0x2c /opt/gcc-arm-none-eabi/bin/../lib/gcc/arm-none-eabi/5.2.1/../../../../arm-none-eabi/lib/armv7e-m/fpu/libg.a(lib_a-fflush.o)
                0x0801045c                _fflush_r
 .text.fflush   0x08010488       0x24 /opt/gcc-arm-none-eabi/bin/../lib/gcc/arm-none-eabi/5.2.1/../../../../arm-none-eabi/lib/armv7e-m/fpu/libg.a(lib_a-fflush.o)
                0x08010488                fflush
 .text.__fp_unlock
                0x080104ac        0x4 /opt/gcc-arm-none-eabi/bin/../lib/gcc/arm-none-eabi/5.2.1/../../../../arm-none-eabi/lib/armv7e-m/fpu/libg.a(lib_a-findfp.o)
 .text._cleanup_r
                0x080104b0        0xc /opt/gcc-arm-none-eabi/bin/../lib/gcc/arm-none-eabi/5.2.1/../../../../arm-none-eabi/lib/armv7e-m/fpu/libg.a(lib_a-findfp.o)
                0x080104b0                _cleanup_r
 .text.__sinit.part.1
                0x080104bc       0xf0 /opt/gcc-arm-none-eabi/bin/../lib/gcc/arm-none-eabi/5.2.1/../../../../arm-none-eabi/lib/armv7e-m/fpu/libg.a(lib_a-findfp.o)
 .text.__fp_lock
                0x080105ac        0x4 /opt/gcc-arm-none-eabi/bin/../lib/gcc/arm-none-eabi/5.2.1/../../../../arm-none-eabi/lib/armv7e-m/fpu/libg.a(lib_a-findfp.o)
 .text.__sfmoreglue
                0x080105b0       0x30 /opt/gcc-arm-none-eabi/bin/../lib/gcc/arm-none-eabi/5.2.1/../../../../arm-none-eabi/lib/armv7e-m/fpu/libg.a(lib_a-findfp.o)
                0x080105b0                __sfmoreglue
 .text.__sfp    0x080105e0       0x88 /opt/gcc-arm-none-eabi/bin/../lib/gcc/arm-none-eabi/5.2.1/../../../../arm-none-eabi/lib/armv7e-m/fpu/libg.a(lib_a-findfp.o)
                0x080105e0                __sfp
 .text._cleanup
                0x08010668       0x14 /opt/gcc-arm-none-eabi/bin/../lib/gcc/arm-none-eabi/5.2.1/../../../../arm-none-eabi/lib/armv7e-m/fpu/libg.a(lib_a-findfp.o)
                0x08010668                _cleanup
 .text.__sinit  0x0801067c        0xc /opt/gcc-arm-none-eabi/bin/../lib/gcc/arm-none-eabi/5.2.1/../../../../arm-none-eabi/lib/armv7e-m/fpu/libg.a(lib_a-findfp.o)
                0x0801067c                __sinit
 .text.__sfp_lock_acquire
                0x08010688        0x4 /opt/gcc-arm-none-eabi/bin/../lib/gcc/arm-none-eabi/5.2.1/../../../../arm-none-eabi/lib/armv7e-m/fpu/libg.a(lib_a-findfp.o)
                0x08010688                __sfp_lock_acquire
 .text.__sfp_lock_release
                0x0801068c        0x4 /opt/gcc-arm-none-eabi/bin/../lib/gcc/arm-none-eabi/5.2.1/../../../../arm-none-eabi/lib/armv7e-m/fpu/libg.a(lib_a-findfp.o)
                0x0801068c                __sfp_lock_release
 .text.__sinit_lock_acquire
                0x08010690        0x4 /opt/gcc-arm-none-eabi/bin/../lib/gcc/arm-none-eabi/5.2.1/../../../../arm-none-eabi/lib/armv7e-m/fpu/libg.a(lib_a-findfp.o)
                0x08010690                __sinit_lock_acquire
 .text.__sinit_lock_release
                0x08010694        0x4 /opt/gcc-arm-none-eabi/bin/../lib/gcc/arm-none-eabi/5.2.1/../../../../arm-none-eabi/lib/armv7e-m/fpu/libg.a(lib_a-findfp.o)
                0x08010694                __sinit_lock_release
 .text.__fp_lock_all
                0x08010698       0x14 /opt/gcc-arm-none-eabi/bin/../lib/gcc/arm-none-eabi/5.2.1/../../../../arm-none-eabi/lib/armv7e-m/fpu/libg.a(lib_a-findfp.o)
                0x08010698                __fp_lock_all
 .text.__fp_unlock_all
                0x080106ac       0x14 /opt/gcc-arm-none-eabi/bin/../lib/gcc/arm-none-eabi/5.2.1/../../../../arm-none-eabi/lib/armv7e-m/fpu/libg.a(lib_a-findfp.o)
                0x080106ac                __fp_unlock_all
 .text.__libc_fini_array
                0x080106c0       0x28 /opt/gcc-arm-none-eabi/bin/../lib/gcc/arm-none-eabi/5.2.1/../../../../arm-none-eabi/lib/armv7e-m/fpu/libg.a(lib_a-fini.o)
                0x080106c0                __libc_fini_array
 .text._malloc_trim_r
                0x080106e8       0x9c /opt/gcc-arm-none-eabi/bin/../lib/gcc/arm-none-eabi/5.2.1/../../../../arm-none-eabi/lib/armv7e-m/fpu/libg.a(lib_a-freer.o)
                0x080106e8                _malloc_trim_r
 .text._free_r  0x08010784      0x1d0 /opt/gcc-arm-none-eabi/bin/../lib/gcc/arm-none-eabi/5.2.1/../../../../arm-none-eabi/lib/armv7e-m/fpu/libg.a(lib_a-freer.o)
                0x08010784                _free_r
 .text.__sfvwrite_r
                0x08010954      0x300 /opt/gcc-arm-none-eabi/bin/../lib/gcc/arm-none-eabi/5.2.1/../../../../arm-none-eabi/lib/armv7e-m/fpu/libg.a(lib_a-fvwrite.o)
                0x08010954                __sfvwrite_r
 .text._fwalk   0x08010c54       0x4c /opt/gcc-arm-none-eabi/bin/../lib/gcc/arm-none-eabi/5.2.1/../../../../arm-none-eabi/lib/armv7e-m/fpu/libg.a(lib_a-fwalk.o)
                0x08010c54                _fwalk
 .text._fwalk_reent
                0x08010ca0       0x54 /opt/gcc-arm-none-eabi/bin/../lib/gcc/arm-none-eabi/5.2.1/../../../../arm-none-eabi/lib/armv7e-m/fpu/libg.a(lib_a-fwalk.o)
                0x08010ca0                _fwalk_reent
 .text._setlocale_r
                0x08010cf4       0x40 /opt/gcc-arm-none-eabi/bin/../lib/gcc/arm-none-eabi/5.2.1/../../../../arm-none-eabi/lib/armv7e-m/fpu/libg.a(lib_a-locale.o)
                0x08010cf4                _setlocale_r
 .text.__locale_charset
                0x08010d34        0x8 /opt/gcc-arm-none-eabi/bin/../lib/gcc/arm-none-eabi/5.2.1/../../../../arm-none-eabi/lib/armv7e-m/fpu/libg.a(lib_a-locale.o)
                0x08010d34                __locale_charset
 .text.__locale_mb_cur_max
                0x08010d3c        0xc /opt/gcc-arm-none-eabi/bin/../lib/gcc/arm-none-eabi/5.2.1/../../../../arm-none-eabi/lib/armv7e-m/fpu/libg.a(lib_a-locale.o)
                0x08010d3c                __locale_mb_cur_max
 .text.__locale_msgcharset
                0x08010d48        0x8 /opt/gcc-arm-none-eabi/bin/../lib/gcc/arm-none-eabi/5.2.1/../../../../arm-none-eabi/lib/armv7e-m/fpu/libg.a(lib_a-locale.o)
                0x08010d48                __locale_msgcharset
 .text.__locale_cjk_lang
                0x08010d50        0x4 /opt/gcc-arm-none-eabi/bin/../lib/gcc/arm-none-eabi/5.2.1/../../../../arm-none-eabi/lib/armv7e-m/fpu/libg.a(lib_a-locale.o)
                0x08010d50                __locale_cjk_lang
 .text._localeconv_r
                0x08010d54        0x8 /opt/gcc-arm-none-eabi/bin/../lib/gcc/arm-none-eabi/5.2.1/../../../../arm-none-eabi/lib/armv7e-m/fpu/libg.a(lib_a-locale.o)
                0x08010d54                _localeconv_r
 .text.setlocale
                0x08010d5c       0x10 /opt/gcc-arm-none-eabi/bin/../lib/gcc/arm-none-eabi/5.2.1/../../../../arm-none-eabi/lib/armv7e-m/fpu/libg.a(lib_a-locale.o)
                0x08010d5c                setlocale
 .text.localeconv
                0x08010d6c        0x8 /opt/gcc-arm-none-eabi/bin/../lib/gcc/arm-none-eabi/5.2.1/../../../../arm-none-eabi/lib/armv7e-m/fpu/libg.a(lib_a-locale.o)
                0x08010d6c                localeconv
 .text.__smakebuf_r
                0x08010d74       0xe0 /opt/gcc-arm-none-eabi/bin/../lib/gcc/arm-none-eabi/5.2.1/../../../../arm-none-eabi/lib/armv7e-m/fpu/libg.a(lib_a-makebuf.o)
                0x08010d74                __smakebuf_r
 .text._malloc_r
                0x08010e54      0x570 /opt/gcc-arm-none-eabi/bin/../lib/gcc/arm-none-eabi/5.2.1/../../../../arm-none-eabi/lib/armv7e-m/fpu/libg.a(lib_a-mallocr.o)
                0x08010e54                _malloc_r
 .text.memmove  0x080113c4       0xc8 /opt/gcc-arm-none-eabi/bin/../lib/gcc/arm-none-eabi/5.2.1/../../../../arm-none-eabi/lib/armv7e-m/fpu/libg.a(lib_a-memmove.o)
                0x080113c4                memmove
 .text.__malloc_lock
                0x0801148c        0x4 /opt/gcc-arm-none-eabi/bin/../lib/gcc/arm-none-eabi/5.2.1/../../../../arm-none-eabi/lib/armv7e-m/fpu/libg.a(lib_a-mlock.o)
                0x0801148c                __malloc_lock
 .text.__malloc_unlock
                0x08011490        0x4 /opt/gcc-arm-none-eabi/bin/../lib/gcc/arm-none-eabi/5.2.1/../../../../arm-none-eabi/lib/armv7e-m/fpu/libg.a(lib_a-mlock.o)
                0x08011490                __malloc_unlock
 .text._Balloc  0x08011494       0x4c /opt/gcc-arm-none-eabi/bin/../lib/gcc/arm-none-eabi/5.2.1/../../../../arm-none-eabi/lib/armv7e-m/fpu/libg.a(lib_a-mprec.o)
                0x08011494                _Balloc
 .text._Bfree   0x080114e0       0x14 /opt/gcc-arm-none-eabi/bin/../lib/gcc/arm-none-eabi/5.2.1/../../../../arm-none-eabi/lib/armv7e-m/fpu/libg.a(lib_a-mprec.o)
                0x080114e0                _Bfree
 .text.__multadd
                0x080114f4       0x80 /opt/gcc-arm-none-eabi/bin/../lib/gcc/arm-none-eabi/5.2.1/../../../../arm-none-eabi/lib/armv7e-m/fpu/libg.a(lib_a-mprec.o)
                0x080114f4                __multadd
 .text.__s2b    0x08011574       0x98 /opt/gcc-arm-none-eabi/bin/../lib/gcc/arm-none-eabi/5.2.1/../../../../arm-none-eabi/lib/armv7e-m/fpu/libg.a(lib_a-mprec.o)
                0x08011574                __s2b
 .text.__hi0bits
                0x0801160c       0x40 /opt/gcc-arm-none-eabi/bin/../lib/gcc/arm-none-eabi/5.2.1/../../../../arm-none-eabi/lib/armv7e-m/fpu/libg.a(lib_a-mprec.o)
                0x0801160c                __hi0bits
 .text.__lo0bits
                0x0801164c       0x5c /opt/gcc-arm-none-eabi/bin/../lib/gcc/arm-none-eabi/5.2.1/../../../../arm-none-eabi/lib/armv7e-m/fpu/libg.a(lib_a-mprec.o)
                0x0801164c                __lo0bits
 .text.__i2b    0x080116a8       0x14 /opt/gcc-arm-none-eabi/bin/../lib/gcc/arm-none-eabi/5.2.1/../../../../arm-none-eabi/lib/armv7e-m/fpu/libg.a(lib_a-mprec.o)
                0x080116a8                __i2b
 .text.__multiply
                0x080116bc      0x130 /opt/gcc-arm-none-eabi/bin/../lib/gcc/arm-none-eabi/5.2.1/../../../../arm-none-eabi/lib/armv7e-m/fpu/libg.a(lib_a-mprec.o)
                0x080116bc                __multiply
 .text.__pow5mult
                0x080117ec       0xa0 /opt/gcc-arm-none-eabi/bin/../lib/gcc/arm-none-eabi/5.2.1/../../../../arm-none-eabi/lib/armv7e-m/fpu/libg.a(lib_a-mprec.o)
                0x080117ec                __pow5mult
 .text.__lshift
                0x0801188c       0xb0 /opt/gcc-arm-none-eabi/bin/../lib/gcc/arm-none-eabi/5.2.1/../../../../arm-none-eabi/lib/armv7e-m/fpu/libg.a(lib_a-mprec.o)
                0x0801188c                __lshift
 .text.__mcmp   0x0801193c       0x44 /opt/gcc-arm-none-eabi/bin/../lib/gcc/arm-none-eabi/5.2.1/../../../../arm-none-eabi/lib/armv7e-m/fpu/libg.a(lib_a-mprec.o)
                0x0801193c                __mcmp
 .text.__mdiff  0x08011980      0x114 /opt/gcc-arm-none-eabi/bin/../lib/gcc/arm-none-eabi/5.2.1/../../../../arm-none-eabi/lib/armv7e-m/fpu/libg.a(lib_a-mprec.o)
                0x08011980                __mdiff
 .text.__ulp    0x08011a94       0x54 /opt/gcc-arm-none-eabi/bin/../lib/gcc/arm-none-eabi/5.2.1/../../../../arm-none-eabi/lib/armv7e-m/fpu/libg.a(lib_a-mprec.o)
                0x08011a94                __ulp
 .text.__b2d    0x08011ae8       0xd0 /opt/gcc-arm-none-eabi/bin/../lib/gcc/arm-none-eabi/5.2.1/../../../../arm-none-eabi/lib/armv7e-m/fpu/libg.a(lib_a-mprec.o)
                0x08011ae8                __b2d
 .text.__d2b    0x08011bb8       0xbc /opt/gcc-arm-none-eabi/bin/../lib/gcc/arm-none-eabi/5.2.1/../../../../arm-none-eabi/lib/armv7e-m/fpu/libg.a(lib_a-mprec.o)
                0x08011bb8                __d2b
 .text.__ratio  0x08011c74       0x60 /opt/gcc-arm-none-eabi/bin/../lib/gcc/arm-none-eabi/5.2.1/../../../../arm-none-eabi/lib/armv7e-m/fpu/libg.a(lib_a-mprec.o)
                0x08011c74                __ratio
 .text._mprec_log10
                0x08011cd4       0x38 /opt/gcc-arm-none-eabi/bin/../lib/gcc/arm-none-eabi/5.2.1/../../../../arm-none-eabi/lib/armv7e-m/fpu/libg.a(lib_a-mprec.o)
                0x08011cd4                _mprec_log10
 .text.__copybits
                0x08011d0c       0x48 /opt/gcc-arm-none-eabi/bin/../lib/gcc/arm-none-eabi/5.2.1/../../../../arm-none-eabi/lib/armv7e-m/fpu/libg.a(lib_a-mprec.o)
                0x08011d0c                __copybits
 .text.__any_on
                0x08011d54       0x60 /opt/gcc-arm-none-eabi/bin/../lib/gcc/arm-none-eabi/5.2.1/../../../../arm-none-eabi/lib/armv7e-m/fpu/libg.a(lib_a-mprec.o)
                0x08011d54                __any_on
 .text._realloc_r
                0x08011db4      0x3e0 /opt/gcc-arm-none-eabi/bin/../lib/gcc/arm-none-eabi/5.2.1/../../../../arm-none-eabi/lib/armv7e-m/fpu/libg.a(lib_a-reallocr.o)
                0x08011db4                _realloc_r
 .text.__fpclassifyd
                0x08012194       0x5c /opt/gcc-arm-none-eabi/bin/../lib/gcc/arm-none-eabi/5.2.1/../../../../arm-none-eabi/lib/armv7e-m/fpu/libg.a(lib_a-s_fpclassify.o)
                0x08012194                __fpclassifyd
 .text._sbrk_r  0x080121f0       0x24 /opt/gcc-arm-none-eabi/bin/../lib/gcc/arm-none-eabi/5.2.1/../../../../arm-none-eabi/lib/armv7e-m/fpu/libg.a(lib_a-sbrkr.o)
                0x080121f0                _sbrk_r
 .text.__sread  0x08012214       0x24 /opt/gcc-arm-none-eabi/bin/../lib/gcc/arm-none-eabi/5.2.1/../../../../arm-none-eabi/lib/armv7e-m/fpu/libg.a(lib_a-stdio.o)
                0x08012214                __sread
 .text.__seofread
                0x08012238        0x4 /opt/gcc-arm-none-eabi/bin/../lib/gcc/arm-none-eabi/5.2.1/../../../../arm-none-eabi/lib/armv7e-m/fpu/libg.a(lib_a-stdio.o)
                0x08012238                __seofread
 .text.__swrite
                0x0801223c       0x38 /opt/gcc-arm-none-eabi/bin/../lib/gcc/arm-none-eabi/5.2.1/../../../../arm-none-eabi/lib/armv7e-m/fpu/libg.a(lib_a-stdio.o)
                0x0801223c                __swrite
 .text.__sseek  0x08012274       0x20 /opt/gcc-arm-none-eabi/bin/../lib/gcc/arm-none-eabi/5.2.1/../../../../arm-none-eabi/lib/armv7e-m/fpu/libg.a(lib_a-stdio.o)
                0x08012274                __sseek
 .text.__sclose
                0x08012294        0x8 /opt/gcc-arm-none-eabi/bin/../lib/gcc/arm-none-eabi/5.2.1/../../../../arm-none-eabi/lib/armv7e-m/fpu/libg.a(lib_a-stdio.o)
                0x08012294                __sclose
 .text.__sprint_r.part.0
                0x0801229c       0x78 /opt/gcc-arm-none-eabi/bin/../lib/gcc/arm-none-eabi/5.2.1/../../../../arm-none-eabi/lib/armv7e-m/fpu/libg.a(lib_a-vfiprintf.o)
 .text.__sprint_r
                0x08012314       0x14 /opt/gcc-arm-none-eabi/bin/../lib/gcc/arm-none-eabi/5.2.1/../../../../arm-none-eabi/lib/armv7e-m/fpu/libg.a(lib_a-vfiprintf.o)
                0x08012314                __sprint_r
 .text._vfiprintf_r
                0x08012328      0xdf8 /opt/gcc-arm-none-eabi/bin/../lib/gcc/arm-none-eabi/5.2.1/../../../../arm-none-eabi/lib/armv7e-m/fpu/libg.a(lib_a-vfiprintf.o)
                0x08012328                _vfiprintf_r
 .text.vfiprintf
                0x08013120       0x18 /opt/gcc-arm-none-eabi/bin/../lib/gcc/arm-none-eabi/5.2.1/../../../../arm-none-eabi/lib/armv7e-m/fpu/libg.a(lib_a-vfiprintf.o)
                0x08013120                vfiprintf
 .text.__sbprintf
                0x08013138       0x6c /opt/gcc-arm-none-eabi/bin/../lib/gcc/arm-none-eabi/5.2.1/../../../../arm-none-eabi/lib/armv7e-m/fpu/libg.a(lib_a-vfiprintf.o)
 .text._write_r
                0x080131a4       0x2c /opt/gcc-arm-none-eabi/bin/../lib/gcc/arm-none-eabi/5.2.1/../../../../arm-none-eabi/lib/armv7e-m/fpu/libg.a(lib_a-writer.o)
                0x080131a4                _write_r
 .text.__register_exitproc
                0x080131d0       0xa4 /opt/gcc-arm-none-eabi/bin/../lib/gcc/arm-none-eabi/5.2.1/../../../../arm-none-eabi/lib/armv7e-m/fpu/libg.a(lib_a-__atexit.o)
                0x080131d0                __register_exitproc
 .text._calloc_r
                0x08013274       0x60 /opt/gcc-arm-none-eabi/bin/../lib/gcc/arm-none-eabi/5.2.1/../../../../arm-none-eabi/lib/armv7e-m/fpu/libg.a(lib_a-callocr.o)
                0x08013274                _calloc_r
 .text._close_r
                0x080132d4       0x24 /opt/gcc-arm-none-eabi/bin/../lib/gcc/arm-none-eabi/5.2.1/../../../../arm-none-eabi/lib/armv7e-m/fpu/libg.a(lib_a-closer.o)
                0x080132d4                _close_r
 .text._fclose_r
                0x080132f8       0x84 /opt/gcc-arm-none-eabi/bin/../lib/gcc/arm-none-eabi/5.2.1/../../../../arm-none-eabi/lib/armv7e-m/fpu/libg.a(lib_a-fclose.o)
                0x080132f8                _fclose_r
 .text.fclose   0x0801337c       0x10 /opt/gcc-arm-none-eabi/bin/../lib/gcc/arm-none-eabi/5.2.1/../../../../arm-none-eabi/lib/armv7e-m/fpu/libg.a(lib_a-fclose.o)
                0x0801337c                fclose
 .text.__fputwc
                0x0801338c       0xb0 /opt/gcc-arm-none-eabi/bin/../lib/gcc/arm-none-eabi/5.2.1/../../../../arm-none-eabi/lib/armv7e-m/fpu/libg.a(lib_a-fputwc.o)
                0x0801338c                __fputwc
 .text._fputwc_r
                0x0801343c       0x24 /opt/gcc-arm-none-eabi/bin/../lib/gcc/arm-none-eabi/5.2.1/../../../../arm-none-eabi/lib/armv7e-m/fpu/libg.a(lib_a-fputwc.o)
                0x0801343c                _fputwc_r
 .text.fputwc   0x08013460       0x40 /opt/gcc-arm-none-eabi/bin/../lib/gcc/arm-none-eabi/5.2.1/../../../../arm-none-eabi/lib/armv7e-m/fpu/libg.a(lib_a-fputwc.o)
                0x08013460                fputwc
 .text._fstat_r
                0x080134a0       0x28 /opt/gcc-arm-none-eabi/bin/../lib/gcc/arm-none-eabi/5.2.1/../../../../arm-none-eabi/lib/armv7e-m/fpu/libg.a(lib_a-fstatr.o)
                0x080134a0                _fstat_r
 .text._isatty_r
                0x080134c8       0x24 /opt/gcc-arm-none-eabi/bin/../lib/gcc/arm-none-eabi/5.2.1/../../../../arm-none-eabi/lib/armv7e-m/fpu/libg.a(lib_a-isattyr.o)
                0x080134c8                _isatty_r
 .text._lseek_r
                0x080134ec       0x2c /opt/gcc-arm-none-eabi/bin/../lib/gcc/arm-none-eabi/5.2.1/../../../../arm-none-eabi/lib/armv7e-m/fpu/libg.a(lib_a-lseekr.o)
                0x080134ec                _lseek_r
 .text._read_r  0x08013518       0x2c /opt/gcc-arm-none-eabi/bin/../lib/gcc/arm-none-eabi/5.2.1/../../../../arm-none-eabi/lib/armv7e-m/fpu/libg.a(lib_a-readr.o)
                0x08013518                _read_r
 .text.cleanup_glue
                0x08013544       0x1c /opt/gcc-arm-none-eabi/bin/../lib/gcc/arm-none-eabi/5.2.1/../../../../arm-none-eabi/lib/armv7e-m/fpu/libg.a(lib_a-reent.o)
                0x08013544                cleanup_glue
 .text._reclaim_reent
                0x08013560       0x88 /opt/gcc-arm-none-eabi/bin/../lib/gcc/arm-none-eabi/5.2.1/../../../../arm-none-eabi/lib/armv7e-m/fpu/libg.a(lib_a-reent.o)
                0x08013560                _reclaim_reent
 .text.__swbuf_r
                0x080135e8       0xa8 /opt/gcc-arm-none-eabi/bin/../lib/gcc/arm-none-eabi/5.2.1/../../../../arm-none-eabi/lib/armv7e-m/fpu/libg.a(lib_a-wbuf.o)
                0x080135e8                __swbuf_r
 .text.__swbuf  0x08013690       0x10 /opt/gcc-arm-none-eabi/bin/../lib/gcc/arm-none-eabi/5.2.1/../../../../arm-none-eabi/lib/armv7e-m/fpu/libg.a(lib_a-wbuf.o)
                0x08013690                __swbuf
 .text._wcrtomb_r
                0x080136a0       0x54 /opt/gcc-arm-none-eabi/bin/../lib/gcc/arm-none-eabi/5.2.1/../../../../arm-none-eabi/lib/armv7e-m/fpu/libg.a(lib_a-wcrtomb.o)
                0x080136a0                _wcrtomb_r
 .text.wcrtomb  0x080136f4       0x58 /opt/gcc-arm-none-eabi/bin/../lib/gcc/arm-none-eabi/5.2.1/../../../../arm-none-eabi/lib/armv7e-m/fpu/libg.a(lib_a-wcrtomb.o)
                0x080136f4                wcrtomb
 .text.__ascii_wctomb
                0x0801374c       0x1c /opt/gcc-arm-none-eabi/bin/../lib/gcc/arm-none-eabi/5.2.1/../../../../arm-none-eabi/lib/armv7e-m/fpu/libg.a(lib_a-wctomb_r.o)
                0x0801374c                __ascii_wctomb
 .text._wctomb_r
                0x08013768       0x30 /opt/gcc-arm-none-eabi/bin/../lib/gcc/arm-none-eabi/5.2.1/../../../../arm-none-eabi/lib/armv7e-m/fpu/libg.a(lib_a-wctomb_r.o)
                0x08013768                _wctomb_r
 *(.rodata)
 .rodata        0x08013798       0x46 /root/beagle-punch/controller/punch-eval/build/main.o
 *fill*         0x080137de        0x2 
 .rodata        0x080137e0        0x4 /root/beagle-punch/controller/punch-eval/build/port.o
 .rodata        0x080137e4       0x1c /root/beagle-punch/controller/punch-eval/build/tasks.o
 .rodata        0x08013800        0xd /root/beagle-punch/controller/punch-eval/build/timers.o
 *fill*         0x0801380d        0x3 
 .rodata        0x08013810        0x4 /root/beagle-punch/controller/punch-eval/build/heap_4.o
 *(.rodata*)
 .rodata.str1.4
                0x08013814        0x2 /opt/gcc-arm-none-eabi/bin/../lib/gcc/arm-none-eabi/5.2.1/../../../../arm-none-eabi/lib/armv7e-m/fpu/libg.a(lib_a-impure.o)
 *fill*         0x08013816        0x2 
 .rodata._global_impure_ptr
                0x08013818        0x4 /opt/gcc-arm-none-eabi/bin/../lib/gcc/arm-none-eabi/5.2.1/../../../../arm-none-eabi/lib/armv7e-m/fpu/libg.a(lib_a-impure.o)
                0x08013818                _global_impure_ptr
 .rodata.str1.4
                0x0801381c        0x2 /opt/gcc-arm-none-eabi/bin/../lib/gcc/arm-none-eabi/5.2.1/../../../../arm-none-eabi/lib/armv7e-m/fpu/libg.a(lib_a-puts.o)
 *fill*         0x0801381e        0x2 
 .rodata.zeroes.7025
                0x08013820       0x10 /opt/gcc-arm-none-eabi/bin/../lib/gcc/arm-none-eabi/5.2.1/../../../../arm-none-eabi/lib/armv7e-m/fpu/libg.a(lib_a-vfprintf.o)
 .rodata.blanks.7024
                0x08013830       0x10 /opt/gcc-arm-none-eabi/bin/../lib/gcc/arm-none-eabi/5.2.1/../../../../arm-none-eabi/lib/armv7e-m/fpu/libg.a(lib_a-vfprintf.o)
 .rodata.str1.4
                0x08013840       0x42 /opt/gcc-arm-none-eabi/bin/../lib/gcc/arm-none-eabi/5.2.1/../../../../arm-none-eabi/lib/armv7e-m/fpu/libg.a(lib_a-vfprintf.o)
 *fill*         0x08013882        0x2 
 .rodata.str1.4
                0x08013884       0x10 /opt/gcc-arm-none-eabi/bin/../lib/gcc/arm-none-eabi/5.2.1/../../../../arm-none-eabi/lib/armv7e-m/fpu/libg.a(lib_a-dtoa.o)
                                 0x12 (size before relaxing)
 .rodata.str1.4
                0x08013894        0xc /opt/gcc-arm-none-eabi/bin/../lib/gcc/arm-none-eabi/5.2.1/../../../../arm-none-eabi/lib/armv7e-m/fpu/libg.a(lib_a-locale.o)
                                 0x12 (size before relaxing)
 .rodata.p05.5404
                0x080138a0        0xc /opt/gcc-arm-none-eabi/bin/../lib/gcc/arm-none-eabi/5.2.1/../../../../arm-none-eabi/lib/armv7e-m/fpu/libg.a(lib_a-mprec.o)
 *fill*         0x080138ac        0x4 
 .rodata.__mprec_tens
                0x080138b0       0xc8 /opt/gcc-arm-none-eabi/bin/../lib/gcc/arm-none-eabi/5.2.1/../../../../arm-none-eabi/lib/armv7e-m/fpu/libg.a(lib_a-mprec.o)
                0x080138b0                __mprec_tens
 .rodata.__mprec_bigtens
                0x08013978       0x28 /opt/gcc-arm-none-eabi/bin/../lib/gcc/arm-none-eabi/5.2.1/../../../../arm-none-eabi/lib/armv7e-m/fpu/libg.a(lib_a-mprec.o)
                0x08013978                __mprec_bigtens
 .rodata.__mprec_tinytens
                0x080139a0       0x28 /opt/gcc-arm-none-eabi/bin/../lib/gcc/arm-none-eabi/5.2.1/../../../../arm-none-eabi/lib/armv7e-m/fpu/libg.a(lib_a-mprec.o)
                0x080139a0                __mprec_tinytens
 .rodata.zeroes.6968
                0x080139c8       0x10 /opt/gcc-arm-none-eabi/bin/../lib/gcc/arm-none-eabi/5.2.1/../../../../arm-none-eabi/lib/armv7e-m/fpu/libg.a(lib_a-vfiprintf.o)
 .rodata.blanks.6967
                0x080139d8       0x10 /opt/gcc-arm-none-eabi/bin/../lib/gcc/arm-none-eabi/5.2.1/../../../../arm-none-eabi/lib/armv7e-m/fpu/libg.a(lib_a-vfiprintf.o)
 .rodata.str1.4
                0x080139e8       0x2f /opt/gcc-arm-none-eabi/bin/../lib/gcc/arm-none-eabi/5.2.1/../../../../arm-none-eabi/lib/armv7e-m/fpu/libg.a(lib_a-vfiprintf.o)
 *(.glue_7)
 .glue_7        0x080139e8        0x0 linker stubs
 *(.glue_7t)
 .glue_7t       0x080139e8        0x0 linker stubs
 *(.eh_frame)
 .eh_frame      0x080139e8        0x0 /opt/gcc-arm-none-eabi/bin/../lib/gcc/arm-none-eabi/5.2.1/armv7e-m/fpu/crtbegin.o
 .eh_frame      0x080139e8        0x4 /opt/gcc-arm-none-eabi/bin/../lib/gcc/arm-none-eabi/5.2.1/armv7e-m/fpu/crtend.o
 *(.init)
 .init          0x080139ec        0x4 /opt/gcc-arm-none-eabi/bin/../lib/gcc/arm-none-eabi/5.2.1/armv7e-m/fpu/crti.o
                0x080139ec                _init
 .init          0x080139f0        0x8 /opt/gcc-arm-none-eabi/bin/../lib/gcc/arm-none-eabi/5.2.1/armv7e-m/fpu/crtn.o
 *(.fini)
 .fini          0x080139f8        0x4 /opt/gcc-arm-none-eabi/bin/../lib/gcc/arm-none-eabi/5.2.1/armv7e-m/fpu/crti.o
                0x080139f8                _fini
 .fini          0x080139fc        0x8 /opt/gcc-arm-none-eabi/bin/../lib/gcc/arm-none-eabi/5.2.1/armv7e-m/fpu/crtn.o
                0x08013a18                . = ALIGN (0x4)
                0x08013a18                _etext = .
                0x08013a18                _exit = .

.vfp11_veneer   0x08013a04        0x0
 .vfp11_veneer  0x08013a04        0x0 linker stubs

.v4_bx          0x08013a04        0x0
 .v4_bx         0x08013a04        0x0 linker stubs

.iplt           0x08013a04        0x0
 .iplt          0x08013a04        0x0 /opt/gcc-arm-none-eabi/bin/../lib/gcc/arm-none-eabi/5.2.1/armv7e-m/fpu/crtbegin.o

.ARM.extab      0x08013a04        0x0
 *(.ARM.extab* .gnu.linkonce.armextab.*)
 .ARM.extab     0x08013a04        0x0 /opt/gcc-arm-none-eabi/bin/../lib/gcc/arm-none-eabi/5.2.1/../../../../arm-none-eabi/lib/armv7e-m/fpu/crt0.o
 .ARM.extab     0x08013a04        0x0 /opt/gcc-arm-none-eabi/bin/../lib/gcc/arm-none-eabi/5.2.1/armv7e-m/fpu/libgcc.a(_udivmoddi4.o)

.ARM            0x08013a04        0x8
                0x08013a04                __exidx_start = .
 *(.ARM.exidx*)
 .ARM.exidx     0x08013a04        0x8 /opt/gcc-arm-none-eabi/bin/../lib/gcc/arm-none-eabi/5.2.1/../../../../arm-none-eabi/lib/armv7e-m/fpu/crt0.o
 .ARM.exidx     0x08013a0c        0x0 /opt/gcc-arm-none-eabi/bin/../lib/gcc/arm-none-eabi/5.2.1/armv7e-m/fpu/libgcc.a(_udivmoddi4.o)
                                  0x8 (size before relaxing)
                0x08013a0c                __exidx_end = .

.rel.dyn        0x08013a0c        0x0
 .rel.iplt      0x08013a0c        0x0 /opt/gcc-arm-none-eabi/bin/../lib/gcc/arm-none-eabi/5.2.1/armv7e-m/fpu/crtbegin.o

.preinit_array  0x08013a0c        0x0
                0x08013a0c                PROVIDE (__preinit_array_start, .)
 *(.preinit_array*)
                0x08013a0c                PROVIDE (__preinit_array_end, .)

.init_array     0x08013a0c        0xc
                0x08013a0c                PROVIDE (__init_array_start, .)
 *(SORT(.init_array.*))
 .init_array.00000
                0x08013a0c        0x4 /opt/gcc-arm-none-eabi/bin/../lib/gcc/arm-none-eabi/5.2.1/../../../../arm-none-eabi/lib/armv7e-m/fpu/libg.a(lib_a-__call_atexit.o)
 *(.init_array*)
 .init_array    0x08013a10        0x4 /opt/gcc-arm-none-eabi/bin/../lib/gcc/arm-none-eabi/5.2.1/armv7e-m/fpu/crtbegin.o
 .init_array    0x08013a14        0x4 /root/beagle-punch/controller/punch-eval/build/main.o
                0x08013a18                PROVIDE (__init_array_end, .)

.fini_array     0x08013a18        0x8
                0x08013a18                PROVIDE (__fini_array_start, .)
 *(.fini_array*)
 .fini_array    0x08013a18        0x4 /opt/gcc-arm-none-eabi/bin/../lib/gcc/arm-none-eabi/5.2.1/armv7e-m/fpu/crtbegin.o
 .fini_array    0x08013a1c        0x4 /root/beagle-punch/controller/punch-eval/build/main.o
 *(SORT(.fini_array.*))
                0x08013a20                PROVIDE (__fini_array_end, .)
                0x08013a20                _sidata = .

.data           0x20000000      0x98c load address 0x08013a20
                0x20000000                . = ALIGN (0x4)
                0x20000000                _sdata = .
 *(.data)
 .data          0x20000000        0x0 /opt/gcc-arm-none-eabi/bin/../lib/gcc/arm-none-eabi/5.2.1/armv7e-m/fpu/crti.o
 .data          0x20000000        0x4 /opt/gcc-arm-none-eabi/bin/../lib/gcc/arm-none-eabi/5.2.1/armv7e-m/fpu/crtbegin.o
                0x20000000                __dso_handle
 .data          0x20000004        0x0 /opt/gcc-arm-none-eabi/bin/../lib/gcc/arm-none-eabi/5.2.1/../../../../arm-none-eabi/lib/armv7e-m/fpu/crt0.o
 .data          0x20000004        0x0 /root/beagle-punch/controller/punch-eval/build/startup_stm32f4xx.o
 .data          0x20000004        0x0 /root/beagle-punch/controller/punch-eval/build/stm32f4xx_it.o
 .data          0x20000004       0x14 /root/beagle-punch/controller/punch-eval/build/system_stm32f4xx.o
                0x20000004                SystemCoreClock
                0x20000008                AHBPrescTable
 .data          0x20000018        0x0 /root/beagle-punch/controller/punch-eval/build/syscalls.o
 .data          0x20000018       0x9c /root/beagle-punch/controller/punch-eval/build/main.o
                0x20000018                greenLedProps
                0x20000024                redLedProps
                0x20000030                orangeLedProps
                0x2000003c                blueLedProps
                0x20000048                userButtonProps
                0x2000005c                uart2Props
                0x20000084                spi2Props
 .data          0x200000b4        0x0 /root/beagle-punch/controller/punch-eval/build/hooks.o
 .data          0x200000b4        0x0 /root/beagle-punch/controller/punch-eval/build/Button.o
 .data          0x200000b4        0x0 /root/beagle-punch/controller/punch-eval/build/LED.o
 .data          0x200000b4        0x0 /root/beagle-punch/controller/punch-eval/build/SPI.o
 .data          0x200000b4        0x0 /root/beagle-punch/controller/punch-eval/build/UART.o
 .data          0x200000b4        0x4 /root/beagle-punch/controller/punch-eval/build/port.o
 .data          0x200000b8        0x0 /root/beagle-punch/controller/punch-eval/build/list.o
 .data          0x200000b8        0x0 /root/beagle-punch/controller/punch-eval/build/queue.o
 .data          0x200000b8        0x4 /root/beagle-punch/controller/punch-eval/build/tasks.o
 .data          0x200000bc        0x0 /root/beagle-punch/controller/punch-eval/build/event_groups.o
 .data          0x200000bc        0x0 /root/beagle-punch/controller/punch-eval/build/timers.o
 .data          0x200000bc        0x0 /root/beagle-punch/controller/punch-eval/build/heap_4.o
 .data          0x200000bc        0x0 /root/beagle-punch/controller/punch-eval/build/stm32f4xx_syscfg.o
 .data          0x200000bc        0x0 /root/beagle-punch/controller/punch-eval/build/misc.o
 .data          0x200000bc        0x0 /root/beagle-punch/controller/punch-eval/build/stm32f4xx_adc.o
 .data          0x200000bc        0x0 /root/beagle-punch/controller/punch-eval/build/stm32f4xx_dac.o
 .data          0x200000bc        0x0 /root/beagle-punch/controller/punch-eval/build/stm32f4xx_dma.o
 .data          0x200000bc        0x0 /root/beagle-punch/controller/punch-eval/build/stm32f4xx_exti.o
 .data          0x200000bc        0x0 /root/beagle-punch/controller/punch-eval/build/stm32f4xx_flash.o
 .data          0x200000bc        0x0 /root/beagle-punch/controller/punch-eval/build/stm32f4xx_gpio.o
 .data          0x200000bc        0x0 /root/beagle-punch/controller/punch-eval/build/stm32f4xx_i2c.o
 .data          0x200000bc       0x10 /root/beagle-punch/controller/punch-eval/build/stm32f4xx_rcc.o
 .data          0x200000cc        0x0 /root/beagle-punch/controller/punch-eval/build/stm32f4xx_spi.o
 .data          0x200000cc        0x0 /root/beagle-punch/controller/punch-eval/build/stm32f4xx_tim.o
 .data          0x200000cc        0x0 /root/beagle-punch/controller/punch-eval/build/stm32f4xx_usart.o
 .data          0x200000cc        0x0 /root/beagle-punch/controller/punch-eval/build/stm32f4xx_rng.o
 .data          0x200000cc        0x0 /opt/gcc-arm-none-eabi/bin/../lib/gcc/arm-none-eabi/5.2.1/../../../../arm-none-eabi/lib/armv7e-m/fpu/libg.a(lib_a-errno.o)
 .data          0x200000cc        0x0 /opt/gcc-arm-none-eabi/bin/../lib/gcc/arm-none-eabi/5.2.1/../../../../arm-none-eabi/lib/armv7e-m/fpu/libg.a(lib_a-exit.o)
 .data          0x200000cc        0x0 /opt/gcc-arm-none-eabi/bin/../lib/gcc/arm-none-eabi/5.2.1/../../../../arm-none-eabi/lib/armv7e-m/fpu/libg.a(lib_a-impure.o)
 .data          0x200000cc        0x0 /opt/gcc-arm-none-eabi/bin/../lib/gcc/arm-none-eabi/5.2.1/../../../../arm-none-eabi/lib/armv7e-m/fpu/libg.a(lib_a-init.o)
 .data          0x200000cc        0x0 /opt/gcc-arm-none-eabi/bin/../lib/gcc/arm-none-eabi/5.2.1/../../../../arm-none-eabi/lib/armv7e-m/fpu/libg.a(lib_a-memcmp.o)